 DHL2012

 Timestamp is 51012e12 (Thu Jan 24 20:50:26 2013)

 Preferred load address is 00400000

 Start         Length     Name                   Class
 0001:00000000 0000612aH PAGE                    CODE
 0002:00000000 000001f0H .idata$5                DATA
 0002:000001f0 00000004H .CRT$XCA                DATA
 0002:000001f4 00000010H .CRT$XCU                DATA
 0002:00000204 00000004H .CRT$XCZ                DATA
 0002:00000208 00000004H .CRT$XIA                DATA
 0002:0000020c 00000004H .CRT$XIZ                DATA
 0002:00000210 000098b0H .data                   DATA
 0002:00009ac0 00000fccH .rdata                  DATA
 0002:0000aa90 0000008cH .rdata$r                DATA
 0002:0000ab20 00029050H .text                   DATA
 0002:00033b70 00000656H .text$x                 DATA
 0002:000341c8 00000b40H .xdata$x                DATA
 0002:00034d08 00006c24H .bss                    DATA
 0002:0003b92c 000000b4H .idata$2                DATA
 0002:0003b9e0 00000014H .idata$3                DATA
 0002:0003b9f4 000001f0H .idata$4                DATA
 0002:0003bbe4 000006f4H .idata$6                DATA
 0002:0003c2d8 00000000H .edata                  DATA
 0003:00000000 00000010H .rsrc$01                DATA
 0003:00000010 00000000H .rsrc$02                DATA

  Address         Publics by Value              Rva+Base     Lib:Object

 0001:00000000       ?CPUClockMhzt@@YAKXZ       00401000 f   Server.obj
 0001:0000020e       ?IsWebCam@@YAHXZ           0040120e f   Server.obj
 0001:000002e1       ?GetHostRemark@@YAIPBDPADI@Z 004012e1 f   Server.obj
 0001:000004d2       ?GetGroupName@@YAIPBDPADI@Z 004014d2 f   Server.obj
 0001:000006bc       ?GetMarkTime@@YAIPBDPADI@Z 004016bc f   Server.obj
 0001:00000854       ?sendLoginInfo@@YAHPBDPAVCClientSocket@@KPAD@Z 00401854 f   Server.obj
 0001:00000fb6       ?Wj_OnButtonAdd@@YAXPAD@Z  00401fb6 f   Server.obj
 0001:000012c7       ?DeleteMe@@YAXXZ           004022c7 f   Server.obj
 0001:00001cb3       ?DelSelf@@YAXH@Z           00402cb3 f   Server.obj
 0001:00001e8d       ?RaiseToDebugP@@YAXXZ      00402e8d f   Server.obj
 0001:00002179       ?OccupyFile@@YAHPBD@Z      00403179 f   Server.obj
 0001:000023ca       ?MyCreatDirector@@YAXPAD@Z 004033ca f   Server.obj
 0001:0000247c       ?MarkTime@@YAXPBD@Z        0040347c f   Server.obj
 0001:00002894       ?substr@@YAPADPADHH@Z      00403894 f   Server.obj
 0001:00002964       ?ReplaceStr@@YAHPAD00@Z    00403964 f   Server.obj
 0001:00002a84       ?qqonline@@YAHPBD@Z        00403a84 f   Server.obj
 0001:00002d98       ?wangpang@@YAHPBD@Z        00403d98 f   Server.obj
 0001:00003120       ?my_ServiceMain@@YAXXZ     00404120 f   Server.obj
 0001:00003a24       ?MyEncryptFunction@@YAXPADG@Z 00404a24 f   Server.obj
 0001:00003ed8       ?StormRand@@YAHH@Z         00404ed8 f   Server.obj
 0001:00003f7b       ?ServiceMain_2@@YAXXZ      00404f7b f   Server.obj
 0001:00003fb2       ?ServiceMain@@YAXKQAPAG@Z  00404fb2 f   Server.obj
 0001:00003fd3       ?my_stormRands@@YAXDQAD@Z  00404fd3 f   Server.obj
 0001:000040a8       ?ReleiceName@@YAXPBD0@Z    004050a8 f   Server.obj
 0001:0000429f       ?KProcess@@YAXXZ           0040529f f   Server.obj
 0001:00004358       _WinMain@16                00405358 f   Server.obj
 0001:00005e90       ??0?$_com_ptr_t@V?$_com_IIID@UIXMLHTTPRequest@MSXML2@@$1?_GUID_ed8c108d_4349_11d2_91a4_00c04f7969e8@@3U__s_GUID@@A@@@@QAE@XZ 00406e90 f i Server.obj
 0001:00005eb0       ??1?$_com_ptr_t@V?$_com_IIID@UIXMLHTTPRequest@MSXML2@@$1?_GUID_ed8c108d_4349_11d2_91a4_00c04f7969e8@@3U__s_GUID@@A@@@@QAE@XZ 00406eb0 f i Server.obj
 0001:00005ed0       ??C?$_com_ptr_t@V?$_com_IIID@UIXMLHTTPRequest@MSXML2@@$1?_GUID_ed8c108d_4349_11d2_91a4_00c04f7969e8@@3U__s_GUID@@A@@@@QBEPAUIXMLHTTPRequest@MSXML2@@XZ 00406ed0 f i Server.obj
 0001:00005f00       ?CreateInstance@?$_com_ptr_t@V?$_com_IIID@UIXMLHTTPRequest@MSXML2@@$1?_GUID_ed8c108d_4349_11d2_91a4_00c04f7969e8@@3U__s_GUID@@A@@@@QAEJPBDPAUIUnknown@@K@Z 00406f00 f i Server.obj
 0001:00005fc0       ?CreateInstance@?$_com_ptr_t@V?$_com_IIID@UIXMLHTTPRequest@MSXML2@@$1?_GUID_ed8c108d_4349_11d2_91a4_00c04f7969e8@@3U__s_GUID@@A@@@@QAEJPAGPAUIUnknown@@K@Z 00406fc0 f i Server.obj
 0001:00006030       ?_Release@?$_com_ptr_t@V?$_com_IIID@UIXMLHTTPRequest@MSXML2@@$1?_GUID_ed8c108d_4349_11d2_91a4_00c04f7969e8@@3U__s_GUID@@A@@@@AAEXXZ 00407030 f i Server.obj
 0001:00006060       ?CreateInstance@?$_com_ptr_t@V?$_com_IIID@UIXMLHTTPRequest@MSXML2@@$1?_GUID_ed8c108d_4349_11d2_91a4_00c04f7969e8@@3U__s_GUID@@A@@@@QAEJABU_GUID@@PAUIUnknown@@K@Z 00407060 f i Server.obj
 0001:00006110       ?GetIID@?$_com_ptr_t@V?$_com_IIID@UIXMLHTTPRequest@MSXML2@@$1?_GUID_ed8c108d_4349_11d2_91a4_00c04f7969e8@@3U__s_GUID@@A@@@@SAABU_GUID@@XZ 00407110 f i Server.obj
 0001:00006120       ?GetIID@?$_com_IIID@UIXMLHTTPRequest@MSXML2@@$1?_GUID_ed8c108d_4349_11d2_91a4_00c04f7969e8@@3U__s_GUID@@A@@SAABU_GUID@@XZ 00407120 f i Server.obj
 0002:00000000       __imp__GetModuleHandleA@4  00408000     kernel32:KERNEL32.dll
 0002:00000004       __imp__WideCharToMultiByte@32 00408004     kernel32:KERNEL32.dll
 0002:00000008       __imp__GetStartupInfoA@4   00408008     kernel32:KERNEL32.dll
 0002:0000000c       __imp__LocalFree@4         0040800c     kernel32:KERNEL32.dll
 0002:00000010       __imp__GetExitCodeThread@8 00408010     kernel32:KERNEL32.dll
 0002:00000014       __imp__TerminateThread@8   00408014     kernel32:KERNEL32.dll
 0002:00000018       __imp__CreateThread@24     00408018     kernel32:KERNEL32.dll
 0002:0000001c       __imp__lstrlenA@4          0040801c     kernel32:KERNEL32.dll
 0002:00000020       __imp__MultiByteToWideChar@24 00408020     kernel32:KERNEL32.dll
 0002:00000024       __imp__GetLastError@0      00408024     kernel32:KERNEL32.dll
 0002:00000028       __imp__InterlockedDecrement@4 00408028     kernel32:KERNEL32.dll
 0002:0000002c       __imp__SetEvent@4          0040802c     kernel32:KERNEL32.dll
 0002:00000030       __imp__WaitForSingleObject@8 00408030     kernel32:KERNEL32.dll
 0002:00000034       __imp__LoadLibraryA@4      00408034     kernel32:KERNEL32.dll
 0002:00000038       __imp__GetProcAddress@8    00408038     kernel32:KERNEL32.dll
 0002:0000003c       __imp__CloseHandle@4       0040803c     kernel32:KERNEL32.dll
 0002:00000040       __imp__Sleep@4             00408040     kernel32:KERNEL32.dll
 0002:00000044       __imp__CreateEventA@16     00408044     kernel32:KERNEL32.dll
 0002:00000048       \177KERNEL32_NULL_THUNK_DATA 00408048     kernel32:KERNEL32.dll
 0002:0000004c       __imp_?c_str@?$basic_string@DU?$char_traits@D@std@@V?$allocator@D@2@@std@@QBEPBDXZ 0040804c     msvcprt:MSVCP60.dll
 0002:00000050       __imp_??0?$basic_string@DU?$char_traits@D@std@@V?$allocator@D@2@@std@@QAE@PBDABV?$allocator@D@1@@Z 00408050     msvcprt:MSVCP60.dll
 0002:00000054       __imp_??0?$basic_string@DU?$char_traits@D@std@@V?$allocator@D@2@@std@@QAE@ABV01@@Z 00408054     msvcprt:MSVCP60.dll
 0002:00000058       __imp_??1?$basic_string@DU?$char_traits@D@std@@V?$allocator@D@2@@std@@QAE@XZ 00408058     msvcprt:MSVCP60.dll
 0002:0000005c       \177MSVCP60_NULL_THUNK_DATA 0040805c     msvcprt:MSVCP60.dll
 0002:00000060       __imp__wcslen              00408060     MSVCRT:MSVCRT.dll
 0002:00000064       __imp__wcstombs            00408064     MSVCRT:MSVCRT.dll
 0002:00000068       __imp__atoi                00408068     MSVCRT:MSVCRT.dll
 0002:0000006c       __imp__wcscpy              0040806c     MSVCRT:MSVCRT.dll
 0002:00000070       __imp___strupr             00408070     MSVCRT:MSVCRT.dll
 0002:00000074       __imp___beginthreadex      00408074     MSVCRT:MSVCRT.dll
 0002:00000078       __imp__memcpy              00408078     MSVCRT:MSVCRT.dll
 0002:0000007c       __imp__calloc              0040807c     MSVCRT:MSVCRT.dll
 0002:00000080       __imp___CIacos             00408080     MSVCRT:MSVCRT.dll
 0002:00000084       __imp__printf              00408084     MSVCRT:MSVCRT.dll
 0002:00000088       __imp___CIpow              00408088     MSVCRT:MSVCRT.dll
 0002:0000008c       __imp____dllonexit         0040808c     MSVCRT:MSVCRT.dll
 0002:00000090       __imp___onexit             00408090     MSVCRT:MSVCRT.dll
 0002:00000094       __imp___exit               00408094     MSVCRT:MSVCRT.dll
 0002:00000098       __imp___XcptFilter         00408098     MSVCRT:MSVCRT.dll
 0002:0000009c       __imp___acmdln             0040809c     MSVCRT:MSVCRT.dll
 0002:000000a0       __imp____getmainargs       004080a0     MSVCRT:MSVCRT.dll
 0002:000000a4       __imp___initterm           004080a4     MSVCRT:MSVCRT.dll
 0002:000000a8       __imp____setusermatherr    004080a8     MSVCRT:MSVCRT.dll
 0002:000000ac       __imp___adjust_fdiv        004080ac     MSVCRT:MSVCRT.dll
 0002:000000b0       __imp____p__commode        004080b0     MSVCRT:MSVCRT.dll
 0002:000000b4       __imp____p__fmode          004080b4     MSVCRT:MSVCRT.dll
 0002:000000b8       __imp____set_app_type      004080b8     MSVCRT:MSVCRT.dll
 0002:000000bc       __imp__mbstowcs            004080bc     MSVCRT:MSVCRT.dll
 0002:000000c0       __imp___controlfp          004080c0     MSVCRT:MSVCRT.dll
 0002:000000c4       __imp__strcat              004080c4     MSVCRT:MSVCRT.dll
 0002:000000c8       __imp__vsprintf            004080c8     MSVCRT:MSVCRT.dll
 0002:000000cc       __imp__exit                004080cc     MSVCRT:MSVCRT.dll
 0002:000000d0       __imp__fopen               004080d0     MSVCRT:MSVCRT.dll
 0002:000000d4       __imp__fwrite              004080d4     MSVCRT:MSVCRT.dll
 0002:000000d8       __imp__fclose              004080d8     MSVCRT:MSVCRT.dll
 0002:000000dc       __imp__strrchr             004080dc     MSVCRT:MSVCRT.dll
 0002:000000e0       __imp___except_handler3    004080e0     MSVCRT:MSVCRT.dll
 0002:000000e4       __imp__free                004080e4     MSVCRT:MSVCRT.dll
 0002:000000e8       __imp__strcmp              004080e8     MSVCRT:MSVCRT.dll
 0002:000000ec       __imp__strcpy              004080ec     MSVCRT:MSVCRT.dll
 0002:000000f0       __imp__malloc              004080f0     MSVCRT:MSVCRT.dll
 0002:000000f4       __imp__memcmp              004080f4     MSVCRT:MSVCRT.dll
 0002:000000f8       __imp__memset              004080f8     MSVCRT:MSVCRT.dll
 0002:000000fc       __imp__strlen              004080fc     MSVCRT:MSVCRT.dll
 0002:00000100       __imp___ftol               00408100     MSVCRT:MSVCRT.dll
 0002:00000104       __imp__memmove             00408104     MSVCRT:MSVCRT.dll
 0002:00000108       __imp____CxxFrameHandler   00408108     MSVCRT:MSVCRT.dll
 0002:0000010c       __imp_??2@YAPAXI@Z         0040810c     MSVCRT:MSVCRT.dll
 0002:00000110       __imp_??1type_info@@UAE@XZ 00408110     MSVCRT:MSVCRT.dll
 0002:00000114       __imp___CxxThrowException@8 00408114     MSVCRT:MSVCRT.dll
 0002:00000118       __imp___access             00408118     MSVCRT:MSVCRT.dll
 0002:0000011c       __imp__putchar             0040811c     MSVCRT:MSVCRT.dll
 0002:00000120       __imp__rand                00408120     MSVCRT:MSVCRT.dll
 0002:00000124       __imp_??3@YAXPAX@Z         00408124     MSVCRT:MSVCRT.dll
 0002:00000128       __imp__strncat             00408128     MSVCRT:MSVCRT.dll
 0002:0000012c       \177MSVCRT_NULL_THUNK_DATA 0040812c     MSVCRT:MSVCRT.dll
 0002:00000130       __imp__ICSendMessage@16    00408130     vfw32:MSVFW32.dll
 0002:00000134       \177MSVFW32_NULL_THUNK_DATA 00408134     vfw32:MSVFW32.dll
 0002:00000138       __imp__VariantClear@4      00408138     oleaut32:OLEAUT32.dll
 0002:0000013c       __imp__SysFreeString@4     0040813c     oleaut32:OLEAUT32.dll
 0002:00000140       __imp__SysAllocString@4    00408140     oleaut32:OLEAUT32.dll
 0002:00000144       __imp__GetErrorInfo@8      00408144     oleaut32:OLEAUT32.dll
 0002:00000148       \177OLEAUT32_NULL_THUNK_DATA 00408148     oleaut32:OLEAUT32.dll
 0002:0000014c       __imp__IsWindow@4          0040814c     user32:USER32.dll
 0002:00000150       __imp__SendMessageA@16     00408150     user32:USER32.dll
 0002:00000154       __imp__CreateWindowExA@48  00408154     user32:USER32.dll
 0002:00000158       __imp__PostThreadMessageA@16 00408158     user32:USER32.dll
 0002:0000015c       __imp__GetMessageA@16      0040815c     user32:USER32.dll
 0002:00000160       \177USER32_NULL_THUNK_DATA 00408160     user32:USER32.dll
 0002:00000164       __imp__waveInPrepareHeader@12 00408164     Winmm:WINMM.dll
 0002:00000168       __imp__waveInUnprepareHeader@12 00408168     Winmm:WINMM.dll
 0002:0000016c       __imp__waveInClose@4       0040816c     Winmm:WINMM.dll
 0002:00000170       __imp__waveOutPrepareHeader@12 00408170     Winmm:WINMM.dll
 0002:00000174       __imp__waveOutWrite@12     00408174     Winmm:WINMM.dll
 0002:00000178       __imp__waveInOpen@24       00408178     Winmm:WINMM.dll
 0002:0000017c       __imp__waveInReset@4       0040817c     Winmm:WINMM.dll
 0002:00000180       __imp__waveInStart@4       00408180     Winmm:WINMM.dll
 0002:00000184       __imp__waveOutUnprepareHeader@12 00408184     Winmm:WINMM.dll
 0002:00000188       __imp__waveOutOpen@24      00408188     Winmm:WINMM.dll
 0002:0000018c       __imp__waveInAddBuffer@12  0040818c     Winmm:WINMM.dll
 0002:00000190       __imp__waveOutClose@4      00408190     Winmm:WINMM.dll
 0002:00000194       \177WINMM_NULL_THUNK_DATA  00408194     Winmm:WINMM.dll
 0002:00000198       __imp__WSAStartup@8        00408198     ws2_32:WS2_32.dll
 0002:0000019c       __imp__setsockopt@20       0040819c     ws2_32:WS2_32.dll
 0002:000001a0       __imp__connect@12          004081a0     ws2_32:WS2_32.dll
 0002:000001a4       __imp__getsockname@12      004081a4     ws2_32:WS2_32.dll
 0002:000001a8       __imp__gethostname@8       004081a8     ws2_32:WS2_32.dll
 0002:000001ac       __imp__send@16             004081ac     ws2_32:WS2_32.dll
 0002:000001b0       __imp__select@20           004081b0     ws2_32:WS2_32.dll
 0002:000001b4       __imp__closesocket@4       004081b4     ws2_32:WS2_32.dll
 0002:000001b8       __imp__recv@16             004081b8     ws2_32:WS2_32.dll
 0002:000001bc       __imp__ntohs@4             004081bc     ws2_32:WS2_32.dll
 0002:000001c0       __imp__socket@12           004081c0     ws2_32:WS2_32.dll
 0002:000001c4       __imp__gethostbyname@4     004081c4     ws2_32:WS2_32.dll
 0002:000001c8       __imp__htons@4             004081c8     ws2_32:WS2_32.dll
 0002:000001cc       __imp__WSACleanup@0        004081cc     ws2_32:WS2_32.dll
 0002:000001d0       \177WS2_32_NULL_THUNK_DATA 004081d0     ws2_32:WS2_32.dll
 0002:000001d4       __imp__OleRun@4            004081d4     ole32:ole32.dll
 0002:000001d8       __imp__CLSIDFromString@8   004081d8     ole32:ole32.dll
 0002:000001dc       __imp__CLSIDFromProgID@8   004081dc     ole32:ole32.dll
 0002:000001e0       __imp__CoInitialize@4      004081e0     ole32:ole32.dll
 0002:000001e4       __imp__CoUninitialize@0    004081e4     ole32:ole32.dll
 0002:000001e8       __imp__CoCreateInstance@20 004081e8     ole32:ole32.dll
 0002:000001ec       \177ole32_NULL_THUNK_DATA  004081ec     ole32:ole32.dll
 0002:000001f0       ___xc_a                    004081f0     MSVCRT:cinitexe.obj
 0002:00000204       ___xc_z                    00408204     MSVCRT:cinitexe.obj
 0002:00000208       ___xi_a                    00408208     MSVCRT:cinitexe.obj
 0002:0000020c       ___xi_z                    0040820c     MSVCRT:cinitexe.obj
 0002:00000364       ?m_nProxyPort@CClientSocket@@0IA 00408364     ClientSocket.obj
 0002:00000c78       ?scode@@3PAEA              00408c78     KernelManager.obj
 0002:00000cac       ?m_nMasterPort@CKernelManager@@2IA 00408cac     KernelManager.obj
 0002:000013b0       ?LowerCase@@3PAPADA        004093b0     KeyboardManager.obj
 0002:00001524       ?UpperCase@@3PAPADA        00409524     KeyboardManager.obj
 0002:00001698       ?SpecialKeys@@3PAHA        00409698     KeyboardManager.obj
 0002:00002234       ??_C@_0L@GBIB@USER32?4dll?$AA@ 0040a234     ScreenManager.obj
 0002:000025ec       ??_C@_0O@GNML@GetCursorInfo?$AA@ 0040a5ec     ScreenSpy.obj
 0002:000028d0       ?m_OnlineInfo@@3UONLINEINFO@@A 0040a8d0     Server.obj
 0002:00002a68       ?m_ServiceInfo@@3USERVERINFO@@A 0040aa68     Server.obj
 0002:00003308       __GUID_ed8c108d_4349_11d2_91a4_00c04f7969e8 0040b308     Server.obj
 0002:00003318       __GUID_00000000_0000_0000_c000_000000000046 0040b318     Server.obj
 0002:0000368c       ??_C@_0N@NAKN@NETAPI32?4dll?$AA@ 0040b68c     ServerStart.obj
 0002:000040cc       ??_C@_0M@HBOK@MSVFW32?4dll?$AA@ 0040c0cc     VideoManager.obj
 0002:000040d8       ??_C@_05IOHI@1?41?44?$AA@  0040c0d8     zlib:uncompr.obj
 0002:000040e0       ??_C@_0BA@FKCH@need?5dictionary?$AA@ 0040c0e0     zlib:inflate.obj
 0002:000040f0       ??_C@_0BF@OBFI@incorrect?5data?5check?$AA@ 0040c0f0     zlib:inflate.obj
 0002:00004108       ??_C@_0BH@NLIB@incorrect?5header?5check?$AA@ 0040c108     zlib:inflate.obj
 0002:00004120       ??_C@_0BE@FAJE@invalid?5window?5size?$AA@ 0040c120     zlib:inflate.obj
 0002:00004134       ??_C@_0BL@KPEJ@unknown?5compression?5method?$AA@ 0040c134     zlib:inflate.obj
 0002:00004154       ??_C@_0BK@BNJN@invalid?5bit?5length?5repeat?$AA@ 0040c154     zlib:infblock.obj
 0002:00004170       ??_C@_0CE@LAKP@too?5many?5length?5or?5distance?5symb@ 0040c170     zlib:infblock.obj
 0002:00004194       ??_C@_0BN@DBOJ@invalid?5stored?5block?5lengths?$AA@ 0040c194     zlib:infblock.obj
 0002:000041b4       ??_C@_0BD@IFBC@invalid?5block?5type?$AA@ 0040c1b4     zlib:infblock.obj
 0002:000041c8       _z_errmsg                  0040c1c8     zlib:zutil.obj
 0002:000041f0       ??_C@_0BF@HPBB@incompatible?5version?$AA@ 0040c1f0     zlib:zutil.obj
 0002:00004208       ??_C@_0N@EHHN@buffer?5error?$AA@ 0040c208     zlib:zutil.obj
 0002:00004218       ??_C@_0BE@EMHE@insufficient?5memory?$AA@ 0040c218     zlib:zutil.obj
 0002:0000422c       ??_C@_0L@EBEB@data?5error?$AA@ 0040c22c     zlib:zutil.obj
 0002:00004238       ??_C@_0N@OPOA@stream?5error?$AA@ 0040c238     zlib:zutil.obj
 0002:00004248       ??_C@_0L@DFEP@file?5error?$AA@ 0040c248     zlib:zutil.obj
 0002:00004254       ??_C@_0L@JPFB@stream?5end?$AA@ 0040c254     zlib:zutil.obj
 0002:000042a4       ??_C@_0BG@EGK@invalid?5distance?5code?$AA@ 0040c2a4     zlib:infcodes.obj
 0002:000042bc       ??_C@_0BM@CHJP@invalid?5literal?1length?5code?$AA@ 0040c2bc     zlib:infcodes.obj
 0002:000053e0       ??_C@_0CE@MFNM@incomplete?5dynamic?5bit?5lengths?5t@ 0040d3e0     zlib:inftrees.obj
 0002:00005404       ??_C@_0CI@BBGL@oversubscribed?5dynamic?5bit?5lengt@ 0040d404     zlib:inftrees.obj
 0002:0000542c       ??_C@_0BP@KPP@incomplete?5literal?1length?5tree?$AA@ 0040d42c     zlib:inftrees.obj
 0002:0000544c       ??_C@_0CD@ODII@oversubscribed?5literal?1length?5tr@ 0040d44c     zlib:inftrees.obj
 0002:00005470       ??_C@_0CB@INA@empty?5distance?5tree?5with?5lengths@ 0040d470     zlib:inftrees.obj
 0002:00005494       ??_C@_0BJ@NKOC@incomplete?5distance?5tree?$AA@ 0040d494     zlib:inftrees.obj
 0002:000054b0       ??_C@_0BN@OAAG@oversubscribed?5distance?5tree?$AA@ 0040d4b0     zlib:inftrees.obj
 0002:000054d0       _inflate_mask              0040d4d0     zlib:infutil.obj
 0002:000055c0       _hamwindow                 0040d5c0     G729a:TAB_LD8A.OBJ
 0002:00005d40       _lwindow                   0040dd40     G729a:TAB_LD8A.OBJ
 0002:00005d98       _lspcb1                    0040dd98     G729a:TAB_LD8A.OBJ
 0002:00008598       _lspcb2                    00410598     G729a:TAB_LD8A.OBJ
 0002:00008f98       _fg                        00410f98     G729a:TAB_LD8A.OBJ
 0002:00009218       _fg_sum                    00411218     G729a:TAB_LD8A.OBJ
 0002:000092b8       _fg_sum_inv                004112b8     G729a:TAB_LD8A.OBJ
 0002:00009358       _grid                      00411358     G729a:TAB_LD8A.OBJ
 0002:000094f0       _inter_3l                  004114f0     G729a:TAB_LD8A.OBJ
 0002:000095e8       _pred                      004115e8     G729a:TAB_LD8A.OBJ
 0002:00009608       _gbk1                      00411608     G729a:TAB_LD8A.OBJ
 0002:00009688       _gbk2                      00411688     G729a:TAB_LD8A.OBJ
 0002:00009788       _map1                      00411788     G729a:TAB_LD8A.OBJ
 0002:000097a8       _map2                      004117a8     G729a:TAB_LD8A.OBJ
 0002:000097e8       _coef                      004117e8     G729a:TAB_LD8A.OBJ
 0002:00009808       _thr1                      00411808     G729a:TAB_LD8A.OBJ
 0002:00009828       _thr2                      00411828     G729a:TAB_LD8A.OBJ
 0002:00009868       _imap1                     00411868     G729a:TAB_LD8A.OBJ
 0002:00009888       _imap2                     00411888     G729a:TAB_LD8A.OBJ
 0002:000098c8       _b100                      004118c8     G729a:TAB_LD8A.OBJ
 0002:000098e0       _a100                      004118e0     G729a:TAB_LD8A.OBJ
 0002:000098f8       _b140                      004118f8     G729a:TAB_LD8A.OBJ
 0002:00009910       _a140                      00411910     G729a:TAB_LD8A.OBJ
 0002:00009928       _bitsno                    00411928     G729a:TAB_LD8A.OBJ
 0002:00009a40       ??_C@_0BD@DJLM@warning?5LSP?5High?5?6?$AA@ 00411a40     G729a:LSPGETQ.OBJ
 0002:00009a54       ??_C@_0BC@BION@warning?5LSP?5Low?5?6?$AA@ 00411a54     G729a:LSPGETQ.OBJ
 0002:00009a70       ___defaultmatherr          00411a70     MSVCRT:merr.obj
 0002:00009a78       __GUID_df0b3d60_548f_101b_8e65_08002b2bd119 00411a78     comsupp:comsupp.obj
 0002:00009a88       ??_R0?AV_com_error@@@8     00411a88     comsupp:comraise.obj
 0002:00009aa8       ??_R0?AVtype_info@@@8      00411aa8     MSVCRT:ti_inst.obj
 0002:00009ac0       ??_7CAudioCode@@6B@        00411ac0     AudioCode.obj
 0002:00009ac4       ??_7CAudioManager@@6B@     00411ac4     AudioManager.obj
 0002:00009acc       ??_7CBuffer@@6B@           00411acc     Buffer.obj
 0002:00009ad0       __real@8@40098000000000000000 00411ad0     Buffer.obj
 0002:00009ad8       ??_7CClientSocket@@6B@     00411ad8     ClientSocket.obj
 0002:00009ae0       __real@8@4002c000000000000000 00411ae0     ClientSocket.obj
 0002:00009ae8       __real@8@3fff8020c49ba5e35000 00411ae8     ClientSocket.obj
 0002:00009af0       ??_7CDialupass@@6B@        00411af0     Dialupass.obj
 0002:00009af4       ??_7COneInfo@@6B@          00411af4     Dialupass.obj
 0002:00009af8       ??_7CFileManager@@6B@      00411af8     FileManager.obj
 0002:00009b0c       ??_7CKernelManager@@6B@    00411b0c     KernelManager.obj
 0002:00009b14       ??_7CKeyboardManager@@6B@  00411b14     KeyboardManager.obj
 0002:00009b1c       ??_7CManager@@6B@          00411b1c     Manager.obj
 0002:00009b24       ??_7Myfunction@@6B@        00411b24     Myfunction.obj
 0002:00009b28       __real@4@3fff8000000000000000 00411b28     Myfunction.obj
 0002:00009b30       __real@8@00000000000000000000 00411b30     Myfunction.obj
 0002:00009b54       ??_7RegeditOpt@@6B@        00411b54     RegeditOpt.obj
 0002:00009b58       ??_7CRegistry@@6B@         00411b58     Registry.obj
 0002:00009b5c       ??_7CRegManager@@6B@       00411b5c     RegManager.obj
 0002:00009b64       ??_7CScreenManager@@6B@    00411b64     ScreenManager.obj
 0002:00009b6c       ??_7CCursorInfo@@6B@       00411b6c     ScreenManager.obj
 0002:00009b70       ??_7CScreenSpy@@6B@        00411b70     ScreenSpy.obj
 0002:00009b74       ??_7CSerManager@@6B@       00411b74     SerManager.obj
 0002:00009b8c       ??_7CServerStart@@6B@      00411b8c     ServerStart.obj
 0002:00009b94       ??_7CShellManager@@6B@     00411b94     ShellManager.obj
 0002:00009b9c       ??_7CSystemManager@@6B@    00411b9c     SystemManager.obj
 0002:00009bb4       ??_7CVideoCap@@6B@         00411bb4     VideoCap.obj
 0002:00009bb8       ??_7CVideoManager@@6B@     00411bb8     VideoManager.obj
 0002:00009bc0       ??_7CVideoCodec@@6B@       00411bc0     VideoManager.obj
 0002:00009bc4       ??_7CWaveIn@@6B@           00411bc4     WaveIn.obj
 0002:00009bc8       ??_7CWaveOut@@6B@          00411bc8     WaveOut.obj
 0002:00009bd0       _deflate_copyright         00411bd0     zlib:deflate.obj
 0002:0000a310       __dist_code                00412310     zlib:trees.obj
 0002:0000a510       __length_code              00412510     zlib:trees.obj
 0002:0000a6fc       _inflate_copyright         004126fc     zlib:inftrees.obj
 0002:0000a914       _nbSigBits                 00412914     G729a:intf_g729a.obj
 0002:0000a92c       _MaskArrayParam            0041292c     G729a:intf_g729a.obj
 0002:0000a948       __real@8@c00e8000000000000000 00412948     G729a:intf_g729a.obj
 0002:0000a950       __real@8@400dfffe000000000000 00412950     G729a:intf_g729a.obj
 0002:0000a958       __real@8@3ffe8000000000000000 00412958     G729a:intf_g729a.obj
 0002:0000a960       __real@8@3ffcccccccccccccd000 00412960     G729a:COD_LD8A.OBJ
 0002:0000a968       __real@8@3ffecb645a1cac083000 00412968     G729a:COD_LD8A.OBJ
 0002:0000a970       __real@8@3ffef333333333333000 00412970     G729a:COD_LD8A.OBJ
 0002:0000a978       __real@8@3ffeb333333333333000 00412978     G729a:COD_LD8A.OBJ
 0002:0000a980       __real@8@3ffeccccccccccccd000 00412980     G729a:POSTFILA.OBJ
 0002:0000a988       __real@8@3fff8000000000000000 00412988     G729a:POSTFILA.OBJ
 0002:0000a990       __real@8@3ffdaaaaaaaaaaaaa800 00412990     G729a:POSTFILA.OBJ
 0002:0000a998       __real@8@3ffee666666666666800 00412998     G729a:POSTFILA.OBJ
 0002:0000a9a0       __real@8@3ffbccccccccccccc000 004129a0     G729a:POSTFILA.OBJ
 0002:0000a9a8       __real@8@400eea60000000000000 004129a8     G729a:TAMING.OBJ
 0002:0000a9b0       __real@8@bfff8000000000000000 004129b0     G729a:TAMING.OBJ
 0002:0000a9b8       __real@8@3ff9ccccccccccccd000 004129b8     G729a:TAMING.OBJ
 0002:0000a9c0       __real@8@3fff9999999999999800 004129c0     G729a:QUA_LSP.OBJ
 0002:0000a9c8       __real@8@4000b8fa1b1071fe2800 004129c8     G729a:QUA_LSP.OBJ
 0002:0000a9d0       __real@8@4002a000000000000000 004129d0     G729a:QUA_LSP.OBJ
 0002:0000a9d8       __real@8@3ffc80adfc910162e000 004129d8     G729a:QUA_LSP.OBJ
 0002:0000a9e0       __real@8@3ffefff972474538f000 004129e0     G729a:QUA_GAIN.OBJ
 0002:0000a9e8       __real@8@407d96769950b50d8800 004129e8     G729a:QUA_GAIN.OBJ
 0002:0000a9f0       __real@8@3ffef0a3d70a3d70a000 004129f0     G729a:QUA_GAIN.OBJ
 0002:0000a9f8       __real@8@40018000000000000000 004129f8     G729a:QUA_GAIN.OBJ
 0002:0000aa00       __real@8@bffa859fb1e18efbb000 00412a00     G729a:QUA_GAIN.OBJ
 0002:0000aa08       __real@8@c0008000000000000000 00412a08     G729a:COR_FUNC.OBJ
 0002:0000aa10       __real@8@3ff8a3d70a3d70a3d800 00412a10     G729a:COR_FUNC.OBJ
 0002:0000aa18       __real@8@3ffd8000000000000000 00412a18     G729a:PITCH_A.OBJ
 0002:0000aa20       __real@8@3ffbccccccccccccd000 00412a20     G729a:PITCH_A.OBJ
 0002:0000aa28       __real@8@3ff583126e978d4fe000 00412a28     G729a:LPCA.OBJ
 0002:0000aa30       __real@8@3ffefae147ae147ae000 00412a30     G729a:DEC_GAIN.OBJ
 0002:0000aa38       __real@8@4000c8a3d70a3d70a000 00412a38     G729a:LSPGETQ.OBJ
 0002:0000aa40       __real@8@3ffaa0902de00d1b7000 00412a40     G729a:LSPGETQ.OBJ
 0002:0000aa48       __real@8@3ff7a3d70a3d70a3d800 00412a48     G729a:LSPGETQ.OBJ
 0002:0000aa50       __real@8@3ffaccccccccccccd000 00412a50     G729a:GAINPRED.OBJ
 0002:0000aa58       __real@8@40049000000000000000 00412a58     G729a:GAINPRED.OBJ
 0002:0000aa60       __real@8@4003a000000000000000 00412a60     G729a:GAINPRED.OBJ
 0002:0000aa68       __real@8@c002e000000000000000 00412a68     G729a:GAINPRED.OBJ
 0002:0000aa80       ??_7_com_error@@6B@        00412a80     comsupp:comraise.obj
 0002:0000aa88       ??_7type_info@@6B@         00412a88     MSVCRT:ti_inst.obj
 0002:0000aa90       ??_R1A@?0A@A@_com_error@@8 00412a90     comsupp:comraise.obj
 0002:0000aaa8       ??_R2_com_error@@8         00412aa8     comsupp:comraise.obj
 0002:0000aab0       ??_R3_com_error@@8         00412ab0     comsupp:comraise.obj
 0002:0000aac0       ??_R4_com_error@@6B@       00412ac0     comsupp:comraise.obj
 0002:0000aad8       ??_R1A@?0A@A@type_info@@8  00412ad8     MSVCRT:ti_inst.obj
 0002:0000aaf0       ??_R2type_info@@8          00412af0     MSVCRT:ti_inst.obj
 0002:0000aaf8       ??_R3type_info@@8          00412af8     MSVCRT:ti_inst.obj
 0002:0000ab08       ??_R4type_info@@6B@        00412b08     MSVCRT:ti_inst.obj
 0002:0000ab20       ??0CAudioCode@@QAE@XZ      00412b20 f   AudioCode.obj
 0002:0000ab41       ??1CAudioCode@@UAE@XZ      00412b41 f   AudioCode.obj
 0002:0000ab55       ?EncodeAudioData@CAudioCode@@QAEHPADH0PAH@Z 00412b55 f   AudioCode.obj
 0002:0000ac2d       ?DecodeAudioData@CAudioCode@@QAEHPADH0PAH@Z 00412c2d f   AudioCode.obj
 0002:0000ad10       ??_ECAudioCode@@UAEPAXI@Z  00412d10 f i AudioCode.obj
 0002:0000ad10       ??_GCAudioCode@@UAEPAXI@Z  00412d10 f i AudioCode.obj
 0002:0000adfd       ??0CAudioManager@@QAE@PAVCClientSocket@@@Z 00412dfd f   AudioManager.obj
 0002:0000aecc       ??1CAudioManager@@UAE@XZ   00412ecc f   AudioManager.obj
 0002:0000af4a       ?Initialize@CAudioManager@@AAE_NXZ 00412f4a f   AudioManager.obj
 0002:0000afd8       ?sendRecordBuffer@CAudioManager@@QAEHXZ 00412fd8 f   AudioManager.obj
 0002:0000b0af       ?OnReceive@CAudioManager@@UAEXPAEI@Z 004130af f   AudioManager.obj
 0002:0000b10f       ?WorkThread@CAudioManager@@CGKPAX@Z 0041310f f   AudioManager.obj
 0002:0000b138       ?ReadGetData@CAudioManager@@QAEXPADH@Z 00413138 f   AudioManager.obj
 0002:0000b170       ??_GCAudioManager@@UAEPAXI@Z 00413170 f i AudioManager.obj
 0002:0000b170       ??_ECAudioManager@@UAEPAXI@Z 00413170 f i AudioManager.obj
 0002:0000b1a0       ??0CBuffer@@QAE@XZ         004131a0 f   Buffer.obj
 0002:0000b1fb       ??1CBuffer@@UAE@XZ         004131fb f   Buffer.obj
 0002:0000b269       ?Write@CBuffer@@QAEHPAEI@Z 00413269 f   Buffer.obj
 0002:0000b3b9       ?Insert@CBuffer@@QAEHPAEI@Z 004133b9 f   Buffer.obj
 0002:0000b52f       ?Read@CBuffer@@QAEIPAEI@Z  0041352f f   Buffer.obj
 0002:0000b6c9       ?GetMemSize@CBuffer@@IAEIXZ 004136c9 f   Buffer.obj
 0002:0000b6da       ?GetBufferLen@CBuffer@@QAEIXZ 004136da f   Buffer.obj
 0002:0000b706       ?ReAllocateBuffer@CBuffer@@IAEII@Z 00413706 f   Buffer.obj
 0002:0000b84d       ?DeAllocateBuffer@CBuffer@@IAEII@Z 0041384d f   Buffer.obj
 0002:0000b991       ?Scan@CBuffer@@QAEHPAEI@Z  00413991 f   Buffer.obj
 0002:0000b9fa       ?ClearBuffer@CBuffer@@QAEXXZ 004139fa f   Buffer.obj
 0002:0000bb0e       ?Copy@CBuffer@@QAEXAAV1@@Z 00413b0e f   Buffer.obj
 0002:0000bb81       ?GetBuffer@CBuffer@@QAEPAEI@Z 00413b81 f   Buffer.obj
 0002:0000bb97       ?Delete@CBuffer@@QAEII@Z   00413b97 f   Buffer.obj
 0002:0000bc20       ??_GCBuffer@@UAEPAXI@Z     00413c20 f i Buffer.obj
 0002:0000bc20       ??_ECBuffer@@UAEPAXI@Z     00413c20 f i Buffer.obj
 0002:0000bc50       ??0CClientSocket@@QAE@XZ   00413c50 f   ClientSocket.obj
 0002:0000bdbd       ??1CClientSocket@@UAE@XZ   00413dbd f   ClientSocket.obj
 0002:0000bf37       ?Connect@CClientSocket@@QAE_NPBDI@Z 00413f37 f   ClientSocket.obj
 0002:0000c158       ?ConnectProxyServer@CClientSocket@@AAE_NPBDI@Z 00414158 f   ClientSocket.obj
 0002:0000c782       ?WorkThread@CClientSocket@@CGKPAX@Z 00414782 f   ClientSocket.obj
 0002:0000c922       ?run_event_loop@CClientSocket@@QAEXXZ 00414922 f   ClientSocket.obj
 0002:0000c9a7       ?IsRunning@CClientSocket@@QAE_NXZ 004149a7 f   ClientSocket.obj
 0002:0000c9bb       ?OnRead@CClientSocket@@QAEXPAEK@Z 004149bb f   ClientSocket.obj
 0002:0000cc78       ?Disconnect@CClientSocket@@QAEXXZ 00414c78 f   ClientSocket.obj
 0002:0000cd90       ?Send@CClientSocket@@QAEHPAEI@Z 00414d90 f   ClientSocket.obj
 0002:0000cf5c       ?SendWithSplit@CClientSocket@@AAEHPAEII@Z 00414f5c f   ClientSocket.obj
 0002:0000d0b5       ?setManagerCallBack@CClientSocket@@QAEXPAVCManager@@@Z 004150b5 f   ClientSocket.obj
 0002:0000d0ce       ?setGlobalProxyOption@CClientSocket@@QAEXHPBDI00@Z 004150ce f   ClientSocket.obj
 0002:0000d1b0       ??_GCClientSocket@@UAEPAXI@Z 004151b0 f i ClientSocket.obj
 0002:0000d1b0       ??_ECClientSocket@@UAEPAXI@Z 004151b0 f i ClientSocket.obj
 0002:0000d1e0       ??0CDialupass@@QAE@XZ      004151e0 f   Dialupass.obj
 0002:0000d277       ??1CDialupass@@UAE@XZ      00415277 f   Dialupass.obj
 0002:0000d312       ?GetRasEntryCount@CDialupass@@AAEKXZ 00415312 f   Dialupass.obj
 0002:0000d6a6       ?GetLocalSid@CDialupass@@AAEPADXZ 004156a6 f   Dialupass.obj
 0002:0000d88a       ?AnsiStringToLsaStr@CDialupass@@AAEXPADPAU_LSA_UNICODE_STRING@@@Z 0041588a f   Dialupass.obj
 0002:0000d99d       ?GetLsaData@CDialupass@@AAEPAU_LSA_UNICODE_STRING@@PAD@Z 0041599d f   Dialupass.obj
 0002:0000db21       ?ParseLsaBuffer@CDialupass@@AAEXPBGG@Z 00415b21 f   Dialupass.obj
 0002:0000de15       ?GetLsaPasswords@CDialupass@@AAEXXZ 00415e15 f   Dialupass.obj
 0002:0000e047       ?GetRasEntries@CDialupass@@AAE_NXZ 00416047 f   Dialupass.obj
 0002:0000e8f1       ?Set@CDialupass@@AAEHPAD00000@Z 004168f1 f   Dialupass.obj
 0002:0000eb1b       ?UTF8ToGB2312@CDialupass@@AAEPBDQAD@Z 00416b1b f   Dialupass.obj
 0002:0000ecd0       ??_ECDialupass@@UAEPAXI@Z  00416cd0 f i Dialupass.obj
 0002:0000ecd0       ??_GCDialupass@@UAEPAXI@Z  00416cd0 f i Dialupass.obj
 0002:0000ed00       ??0COneInfo@@QAE@XZ        00416d00 f i Dialupass.obj
 0002:0000ed50       ?Set@COneInfo@@QAEXHPAD@Z  00416d50 f i Dialupass.obj
 0002:0000edd0       ?Get@COneInfo@@QAEPADH@Z   00416dd0 f i Dialupass.obj
 0002:0000edf0       ??_GCOneInfo@@UAEPAXI@Z    00416df0 f i Dialupass.obj
 0002:0000edf0       ??_ECOneInfo@@UAEPAXI@Z    00416df0 f i Dialupass.obj
 0002:0000ee20       ??1COneInfo@@UAE@XZ        00416e20 f i Dialupass.obj
 0002:0000ee80       ??0CFileManager@@QAE@PAVCClientSocket@@@Z 00416e80 f   FileManager.obj
 0002:0000eeff       ??1CFileManager@@UAE@XZ    00416eff f   FileManager.obj
 0002:0000ef68       ?OnReceive@CFileManager@@UAEXPAEI@Z 00416f68 f   FileManager.obj
 0002:0000f11c       ?MakeSureDirectoryPathExists@CFileManager@@AAE_NPBD@Z 0041711c f   FileManager.obj
 0002:0000f58e       ?OpenFile@CFileManager@@AAE_NPBDH@Z 0041758e f   FileManager.obj
 0002:0000fa68       ?SendDriveList@CFileManager@@QAEIXZ 00417a68 f   FileManager.obj
 0002:000100f4       ?SendFilesList@CFileManager@@AAEIPBD@Z 004180f4 f   FileManager.obj
 0002:000105e1       ?DeleteDirectory@CFileManager@@AAE_NPBD@Z 004185e1 f   FileManager.obj
 0002:00010879       ?SendFileSize@CFileManager@@AAEIPBD@Z 00418879 f   FileManager.obj
 0002:00010b25       ?SendFileData@CFileManager@@AAEIPAE@Z 00418b25 f   FileManager.obj
 0002:00010e03       ?UploadNext@CFileManager@@AAEXXZ 00418e03 f   FileManager.obj
 0002:00010e90       ?SendToken@CFileManager@@AAEHE@Z 00418e90 f   FileManager.obj
 0002:00010eab       ?UploadToRemote@CFileManager@@AAE_NPAE@Z 00418eab f   FileManager.obj
 0002:00010fc8       ?FixedUploadList@CFileManager@@AAE_NPBD@Z 00418fc8 f   FileManager.obj
 0002:00011296       ?StopTransfer@CFileManager@@AAEXXZ 00419296 f   FileManager.obj
 0002:000112d0       ?CreateLocalRecvFile@CFileManager@@AAEXPAE@Z 004192d0 f   FileManager.obj
 0002:0001149d       ?GetFileData@CFileManager@@AAEXXZ 0041949d f   FileManager.obj
 0002:000117ee       ?WriteLocalRecvFile@CFileManager@@AAEXPAEI@Z 004197ee f   FileManager.obj
 0002:000119f3       ?SetTransferMode@CFileManager@@AAEXPAE@Z 004199f3 f   FileManager.obj
 0002:00011a23       ?CreateFolder@CFileManager@@AAEXPAE@Z 00419a23 f   FileManager.obj
 0002:00011a46       ?Rename@CFileManager@@AAEXPAE@Z 00419a46 f   FileManager.obj
 0002:00011b00       ??_GCFileManager@@UAEPAXI@Z 00419b00 f i FileManager.obj
 0002:00011b00       ??_ECFileManager@@UAEPAXI@Z 00419b00 f i FileManager.obj
 0002:00011b30       ??0?$list@V?$basic_string@DU?$char_traits@D@std@@V?$allocator@D@2@@std@@V?$allocator@V?$basic_string@DU?$char_traits@D@std@@V?$allocator@D@2@@std@@@2@@std@@QAE@ABV?$allocator@V?$basic_string@DU?$char_traits@D@std@@V?$allocator@D@2@@std@@@1@@Z 00419b30 f i FileManager.obj
 0002:00011b70       ??1?$list@V?$basic_string@DU?$char_traits@D@std@@V?$allocator@D@2@@std@@V?$allocator@V?$basic_string@DU?$char_traits@D@std@@V?$allocator@D@2@@std@@@2@@std@@QAE@XZ 00419b70 f i FileManager.obj
 0002:00011bd0       ?begin@?$list@V?$basic_string@DU?$char_traits@D@std@@V?$allocator@D@2@@std@@V?$allocator@V?$basic_string@DU?$char_traits@D@std@@V?$allocator@D@2@@std@@@2@@std@@QAE?AViterator@12@XZ 00419bd0 f i FileManager.obj
 0002:00011c10       ?empty@?$list@V?$basic_string@DU?$char_traits@D@std@@V?$allocator@D@2@@std@@V?$allocator@V?$basic_string@DU?$char_traits@D@std@@V?$allocator@D@2@@std@@@2@@std@@QBE_NXZ 00419c10 f i FileManager.obj
 0002:00011c30       ?push_back@?$list@V?$basic_string@DU?$char_traits@D@std@@V?$allocator@D@2@@std@@V?$allocator@V?$basic_string@DU?$char_traits@D@std@@V?$allocator@D@2@@std@@@2@@std@@QAEXABV?$basic_string@DU?$char_traits@D@std@@V?$allocator@D@2@@2@@Z 00419c30 f i FileManager.obj
 0002:00011c60       ?erase@?$list@V?$basic_string@DU?$char_traits@D@std@@V?$allocator@D@2@@std@@V?$allocator@V?$basic_string@DU?$char_traits@D@std@@V?$allocator@D@2@@std@@@2@@std@@QAE?AViterator@12@V312@@Z 00419c60 f i FileManager.obj
 0002:00011d20       ?clear@?$list@V?$basic_string@DU?$char_traits@D@std@@V?$allocator@D@2@@std@@V?$allocator@V?$basic_string@DU?$char_traits@D@std@@V?$allocator@D@2@@std@@@2@@std@@QAEXXZ 00419d20 f i FileManager.obj
 0002:00011d60       ??Diterator@?$list@V?$basic_string@DU?$char_traits@D@std@@V?$allocator@D@2@@std@@V?$allocator@V?$basic_string@DU?$char_traits@D@std@@V?$allocator@D@2@@std@@@2@@std@@QBEAAV?$basic_string@DU?$char_traits@D@std@@V?$allocator@D@2@@2@XZ 00419d60 f i FileManager.obj
 0002:00011d80       ?end@?$list@V?$basic_string@DU?$char_traits@D@std@@V?$allocator@D@2@@std@@V?$allocator@V?$basic_string@DU?$char_traits@D@std@@V?$allocator@D@2@@std@@@2@@std@@QAE?AViterator@12@XZ 00419d80 f i FileManager.obj
 0002:00011db0       ?size@?$list@V?$basic_string@DU?$char_traits@D@std@@V?$allocator@D@2@@std@@V?$allocator@V?$basic_string@DU?$char_traits@D@std@@V?$allocator@D@2@@std@@@2@@std@@QBEIXZ 00419db0 f i FileManager.obj
 0002:00011dd0       ?insert@?$list@V?$basic_string@DU?$char_traits@D@std@@V?$allocator@D@2@@std@@V?$allocator@V?$basic_string@DU?$char_traits@D@std@@V?$allocator@D@2@@std@@@2@@std@@QAE?AViterator@12@V312@ABV?$basic_string@DU?$char_traits@D@std@@V?$allocator@D@2@@2@@Z 00419dd0 f i FileManager.obj
 0002:00011e90       ?erase@?$list@V?$basic_string@DU?$char_traits@D@std@@V?$allocator@D@2@@std@@V?$allocator@V?$basic_string@DU?$char_traits@D@std@@V?$allocator@D@2@@std@@@2@@std@@QAE?AViterator@12@V312@0@Z 00419e90 f i FileManager.obj
 0002:00011ee0       ?_Buynode@?$list@V?$basic_string@DU?$char_traits@D@std@@V?$allocator@D@2@@std@@V?$allocator@V?$basic_string@DU?$char_traits@D@std@@V?$allocator@D@2@@std@@@2@@std@@IAEPAU_Node@12@PAU312@0@Z 00419ee0 f i FileManager.obj
 0002:00011f50       ?_Freenode@?$list@V?$basic_string@DU?$char_traits@D@std@@V?$allocator@D@2@@std@@V?$allocator@V?$basic_string@DU?$char_traits@D@std@@V?$allocator@D@2@@std@@@2@@std@@IAEXPAU_Node@12@@Z 00419f50 f i FileManager.obj
 0002:00011f70       ?_Next@_Acc@?$list@V?$basic_string@DU?$char_traits@D@std@@V?$allocator@D@2@@std@@V?$allocator@V?$basic_string@DU?$char_traits@D@std@@V?$allocator@D@2@@std@@@2@@std@@SAAAPAU_Node@23@PAU423@@Z 00419f70 f i FileManager.obj
 0002:00011f80       ?_Prev@_Acc@?$list@V?$basic_string@DU?$char_traits@D@std@@V?$allocator@D@2@@std@@V?$allocator@V?$basic_string@DU?$char_traits@D@std@@V?$allocator@D@2@@std@@@2@@std@@SAAAPAU_Node@23@PAU423@@Z 00419f80 f i FileManager.obj
 0002:00011f90       ?_Value@_Acc@?$list@V?$basic_string@DU?$char_traits@D@std@@V?$allocator@D@2@@std@@V?$allocator@V?$basic_string@DU?$char_traits@D@std@@V?$allocator@D@2@@std@@@2@@std@@SAAAV?$basic_string@DU?$char_traits@D@std@@V?$allocator@D@2@@3@PAU_Node@23@@Z 00419f90 f i FileManager.obj
 0002:00011fa0       ?destroy@?$allocator@V?$basic_string@DU?$char_traits@D@std@@V?$allocator@D@2@@std@@@std@@QAEXPAV?$basic_string@DU?$char_traits@D@std@@V?$allocator@D@2@@2@@Z 00419fa0 f i FileManager.obj
 0002:00011fc0       ??0iterator@?$list@V?$basic_string@DU?$char_traits@D@std@@V?$allocator@D@2@@std@@V?$allocator@V?$basic_string@DU?$char_traits@D@std@@V?$allocator@D@2@@std@@@2@@std@@QAE@PAU_Node@12@@Z 00419fc0 f i FileManager.obj
 0002:00011fe0       ??Eiterator@?$list@V?$basic_string@DU?$char_traits@D@std@@V?$allocator@D@2@@std@@V?$allocator@V?$basic_string@DU?$char_traits@D@std@@V?$allocator@D@2@@std@@@2@@std@@QAE?AV012@H@Z 00419fe0 f i FileManager.obj
 0002:00012010       ?_Charalloc@?$allocator@V?$basic_string@DU?$char_traits@D@std@@V?$allocator@D@2@@std@@@std@@QAEPADI@Z 0041a010 f i FileManager.obj
 0002:00012030       ?deallocate@?$allocator@V?$basic_string@DU?$char_traits@D@std@@V?$allocator@D@2@@std@@@std@@QAEXPAXI@Z 0041a030 f i FileManager.obj
 0002:00012050       ?construct@?$allocator@V?$basic_string@DU?$char_traits@D@std@@V?$allocator@D@2@@std@@@std@@QAEXPAV?$basic_string@DU?$char_traits@D@std@@V?$allocator@D@2@@2@ABV32@@Z 0041a050 f i FileManager.obj
 0002:00012070       ??0const_iterator@?$list@V?$basic_string@DU?$char_traits@D@std@@V?$allocator@D@2@@std@@V?$allocator@V?$basic_string@DU?$char_traits@D@std@@V?$allocator@D@2@@std@@@2@@std@@QAE@PAU_Node@12@@Z 0041a070 f i FileManager.obj
 0002:00012090       ??Eiterator@?$list@V?$basic_string@DU?$char_traits@D@std@@V?$allocator@D@2@@std@@V?$allocator@V?$basic_string@DU?$char_traits@D@std@@V?$allocator@D@2@@std@@@2@@std@@QAEAAV012@XZ 0041a090 f i FileManager.obj
 0002:000120c0       ??9iterator@?$list@V?$basic_string@DU?$char_traits@D@std@@V?$allocator@D@2@@std@@V?$allocator@V?$basic_string@DU?$char_traits@D@std@@V?$allocator@D@2@@std@@@2@@std@@QBE_NABV012@@Z 0041a0c0 f i FileManager.obj
 0002:000120f0       ??8iterator@?$list@V?$basic_string@DU?$char_traits@D@std@@V?$allocator@D@2@@std@@V?$allocator@V?$basic_string@DU?$char_traits@D@std@@V?$allocator@D@2@@std@@@2@@std@@QBE_NABV012@@Z 0041a0f0 f i FileManager.obj
 0002:00012110       ?_Destroy@std@@YAXPAV?$basic_string@DU?$char_traits@D@std@@V?$allocator@D@2@@1@@Z 0041a110 f i FileManager.obj
 0002:00012120       ?_Allocate@std@@YAPADHPAD@Z 0041a120 f i FileManager.obj
 0002:00012140       ?_Construct@std@@YAXPAV?$basic_string@DU?$char_traits@D@std@@V?$allocator@D@2@@1@ABV21@@Z 0041a140 f i FileManager.obj
 0002:000121b0       ??2@YAPAXIPAX@Z            0041a1b0 f i FileManager.obj
 0002:000121c0       ??3@YAXPAX0@Z              0041a1c0 f i FileManager.obj
 0002:000121d0       ??_G?$basic_string@DU?$char_traits@D@std@@V?$allocator@D@2@@std@@QAEPAXI@Z 0041a1d0 f i FileManager.obj
 0002:00012200       ?StartServiceA@@YAXPBD@Z   0041a200 f   install.obj
 0002:000123a6       ?memfind@@YAHPBD0HH@Z      0041a3a6 f   install.obj
 0002:00012440       ?Loop_FileManager@@YGKI@Z  0041a440 f   KernelManager.obj
 0002:00012515       ?Loop_ShellManager@@YGKI@Z 0041a515 f   KernelManager.obj
 0002:000125ea       ?Loop_ScreenManager@@YGKI@Z 0041a5ea f   KernelManager.obj
 0002:000126bf       ?Loop_VideoManager@@YGKI@Z 0041a6bf f   KernelManager.obj
 0002:00012794       ?Loop_AudioManager@@YGKI@Z 0041a794 f   KernelManager.obj
 0002:00012869       ?Loop_KeyboardManager@@YGKI@Z 0041a869 f   KernelManager.obj
 0002:0001293e       ?Loop_SystemManager@@YGKI@Z 0041a93e f   KernelManager.obj
 0002:00012a13       ?Loop_DownManager@@YGKPAX@Z 0041aa13 f   KernelManager.obj
 0002:00012b4d       ?UpdateServer@@YAHPBD@Z    0041ab4d f   KernelManager.obj
 0002:00012c2d       ?OpenURL@@YA_NPBDH@Z       0041ac2d f   KernelManager.obj
 0002:00013047       ?Loop_MsgBox@@YGKPAX@Z     0041b047 f   KernelManager.obj
 0002:000130d0       ?CleanAllEvent@@YAXXZ      0041b0d0 f   KernelManager.obj
 0002:00013228       ?SetHostID@@YAXPBD0@Z      0041b228 f   KernelManager.obj
 0002:000133e6       ?SetGroup@@YAXPBD0@Z       0041b3e6 f   KernelManager.obj
 0002:000135a4       ?IsOSXP@@YA_NXZ            0041b5a4 f   KernelManager.obj
 0002:0001364a       ?Loop_RegeditManager@@YGKI@Z 0041b64a f   KernelManager.obj
 0002:0001371f       ?Loop_SerManager@@YGKI@Z   0041b71f f   KernelManager.obj
 0002:000137f4       ?Server_start@@YGKI@Z      0041b7f4 f   KernelManager.obj
 0002:000138c9       ?DEL_ShiftOsk@@YAXXZ       0041b8c9 f   KernelManager.obj
 0002:00013c75       ?Server_operation@@YAHPBXI@Z 0041bc75 f   KernelManager.obj
 0002:00013c96       ?Open3389@@YA_NPBXI@Z      0041bc96 f   KernelManager.obj
 0002:00013f1b       ?KillMBR@@YAHXZ            0041bf1b f   KernelManager.obj
 0002:0001452c       ??0CKernelManager@@QAE@PAVCClientSocket@@PBDK11I@Z 0041c52c f   KernelManager.obj
 0002:00014628       ??0CKernelManager@@QAE@PAVCClientSocket@@@Z 0041c628 f   KernelManager.obj
 0002:0001465a       ?init@CKernelManager@@QAEXPAVCClientSocket@@PBDK11I@Z 0041c65a f   KernelManager.obj
 0002:00014711       ??1CKernelManager@@UAE@XZ  0041c711 f   KernelManager.obj
 0002:00014844       ?OnReceive@CKernelManager@@UAEXPAEI@Z 0041c844 f   KernelManager.obj
 0002:00015029       ?UnInstallService@CKernelManager@@QAEXXZ 0041d029 f   KernelManager.obj
 0002:00015046       ?IsActived@CKernelManager@@QAE_NXZ 0041d046 f   KernelManager.obj
 0002:0001505a       ?OpenFile@CKernelManager@@QAEHPBXIH@Z 0041d05a f   KernelManager.obj
 0002:00015860       ??_ECKernelManager@@UAEPAXI@Z 0041d860 f i KernelManager.obj
 0002:00015860       ??_GCKernelManager@@UAEPAXI@Z 0041d860 f i KernelManager.obj
 0002:00015890       ?SaveToFile@@YAXPAD@Z      0041d890 f   KeyboardManager.obj
 0002:00015ca6       ?IsWindowsFocusChange@@YAHXZ 0041dca6 f   KeyboardManager.obj
 0002:00015fd9       ?KeyLogger@@YGKJ@Z         0041dfd9 f   KeyboardManager.obj
 0002:00016502       ??0CKeyboardManager@@QAE@PAVCClientSocket@@@Z 0041e502 f   KeyboardManager.obj
 0002:00016590       ??1CKeyboardManager@@UAE@XZ 0041e590 f   KeyboardManager.obj
 0002:000165ac       ?OnReceive@CKeyboardManager@@UAEXPAEI@Z 0041e5ac f   KeyboardManager.obj
 0002:000167a4       ?sendStartKeyBoard@CKeyboardManager@@AAEHXZ 0041e7a4 f   KeyboardManager.obj
 0002:000167c7       ?sendKeyBoardData@CKeyboardManager@@AAEHPAEI@Z 0041e7c7 f   KeyboardManager.obj
 0002:000168b5       ?sendOfflineRecord@CKeyboardManager@@AAEHXZ 0041e8b5 f   KeyboardManager.obj
 0002:00016c70       ??_GCKeyboardManager@@UAEPAXI@Z 0041ec70 f i KeyboardManager.obj
 0002:00016c70       ??_ECKeyboardManager@@UAEPAXI@Z 0041ec70 f i KeyboardManager.obj
 0002:00016ca0       ??0CManager@@QAE@PAVCClientSocket@@@Z 0041eca0 f   Manager.obj
 0002:00016d31       ??1CManager@@UAE@XZ        0041ed31 f   Manager.obj
 0002:00016d9a       ?OnReceive@CManager@@UAEXPAEI@Z 0041ed9a f   Manager.obj
 0002:00016da7       ?Send@CManager@@QAEHPAEI@Z 0041eda7 f   Manager.obj
 0002:00016e1b       ?WaitForDialogOpen@CManager@@QAEXXZ 0041ee1b f   Manager.obj
 0002:00016ed6       ?NotifyDialogIsOpen@CManager@@QAEXXZ 0041eed6 f   Manager.obj
 0002:00016f30       ??_GCManager@@UAEPAXI@Z    0041ef30 f i Manager.obj
 0002:00016f30       ??_ECManager@@UAEPAXI@Z    0041ef30 f i Manager.obj
 0002:00016f60       ??0Myfunction@@QAE@XZ      0041ef60 f   Myfunction.obj
 0002:00016f77       ??1Myfunction@@UAE@XZ      0041ef77 f   Myfunction.obj
 0002:00016f8b       ?my_strstr@Myfunction@@QAEPADPBD0@Z 0041ef8b f   Myfunction.obj
 0002:0001701b       ?my_stricmp@Myfunction@@QAEHPBD0@Z 0041f01b f   Myfunction.obj
 0002:00017092       ?my_strchr@Myfunction@@QAEPADPBDH@Z 0041f092 f   Myfunction.obj
 0002:000170d7       ?my_strnicmp@Myfunction@@QAEHPBD0H@Z 0041f0d7 f   Myfunction.obj
 0002:0001715d       ?DelSpace@Myfunction@@QAEPADPAD@Z 0041f15d f   Myfunction.obj
 0002:000171a9       ?my_sprintf@Myfunction@@QAAHPADPBDZZ 0041f1a9 f   Myfunction.obj
 0002:000171db       ?my_ceil@Myfunction@@QAENN@Z 0041f1db f   Myfunction.obj
 0002:00017247       ?my_memcpy@Myfunction@@QAEPAXPAXPBXI@Z 0041f247 f   Myfunction.obj
 0002:0001728d       ?my_strncmp@Myfunction@@QAEHPBD0H@Z 0041f28d f   Myfunction.obj
 0002:000172f3       ?my_substr@Myfunction@@QAEPADPADHH@Z 0041f2f3 f   Myfunction.obj
 0002:0001739c       ?my_strncpy@Myfunction@@QAEPADPADPBDH@Z 0041f39c f   Myfunction.obj
 0002:00017410       ??_GMyfunction@@UAEPAXI@Z  0041f410 f i Myfunction.obj
 0002:00017410       ??_EMyfunction@@UAEPAXI@Z  0041f410 f i Myfunction.obj
 0002:00017440       ?my_strchr11@@YAPADPBDH@Z  0041f440 f   RegEditEx.obj
 0002:0001747d       ?my_strnicmp1@@YAHPBD0H@Z  0041f47d f   RegEditEx.obj
 0002:000174fe       ?DelSpace@@YAPADPAD@Z      0041f4fe f   RegEditEx.obj
 0002:00017543       ?ReadRegEx@@YAHPAUHKEY__@@PBD1KPADPAEKH@Z 0041f543 f   RegEditEx.obj
 0002:00017f55       ?WriteRegEx@@YAHPAUHKEY__@@PBD1KPADKH@Z 0041ff55 f   RegEditEx.obj
 0002:00018360       ??0RegeditOpt@@QAE@XZ      00420360 f   RegeditOpt.obj
 0002:00018377       ??0RegeditOpt@@QAE@D@Z     00420377 f   RegeditOpt.obj
 0002:00018419       ?SetPath@RegeditOpt@@QAEXPAD@Z 00420419 f   RegeditOpt.obj
 0002:0001844f       ??1RegeditOpt@@UAE@XZ      0042044f f   RegeditOpt.obj
 0002:00018463       ?FindPath@RegeditOpt@@QAEPADXZ 00420463 f   RegeditOpt.obj
 0002:000188d2       ?FindKey@RegeditOpt@@QAEPADXZ 004208d2 f   RegeditOpt.obj
 0002:00018d70       ??_ERegeditOpt@@UAEPAXI@Z  00420d70 f i RegeditOpt.obj
 0002:00018d70       ??_GRegeditOpt@@UAEPAXI@Z  00420d70 f i RegeditOpt.obj
 0002:00018da0       ??0CRegistry@@QAE@PAUHKEY__@@@Z 00420da0 f   Registry.obj
 0002:00018dc2       ??0CRegistry@@QAE@D@Z      00420dc2 f   Registry.obj
 0002:00018e4e       ??1CRegistry@@UAE@XZ       00420e4e f   Registry.obj
 0002:00018e6a       ?CreateKey@CRegistry@@QAEHPBD@Z 00420e6a f   Registry.obj
 0002:00018f1c       ?Open@CRegistry@@QAEHPBD@Z 00420f1c f   Registry.obj
 0002:00018fbc       ?Close@CRegistry@@QAEXXZ   00420fbc f   Registry.obj
 0002:00019062       ?DeleteValue@CRegistry@@QAEHPBD@Z 00421062 f   Registry.obj
 0002:000190f6       ?DeleteKey@CRegistry@@QAEHPAUHKEY__@@PBD@Z 004210f6 f   Registry.obj
 0002:0001917f       ?DeleteKey@CRegistry@@QAE_NPAD@Z 0042117f f   Registry.obj
 0002:00019208       ?Write@CRegistry@@QAEHPBDH@Z 00421208 f   Registry.obj
 0002:000192a8       ?Write@CRegistry@@QAEHPBDK@Z 004212a8 f   Registry.obj
 0002:00019342       ?Write@CRegistry@@QAEHPBD0@Z 00421342 f   Registry.obj
 0002:000193ea       ?Read@CRegistry@@QAEHPBDPAH@Z 004213ea f   Registry.obj
 0002:000194a0       ?Read@CRegistry@@QAEHPBDPAK@Z 004214a0 f   Registry.obj
 0002:00019556       ?Read@CRegistry@@QAEHPBDPAE@Z 00421556 f   Registry.obj
 0002:00019604       ?GetKey@CRegistry@@QAEPAUHKEY__@@XZ 00421604 f   Registry.obj
 0002:00019615       ?ReadBuf@CRegistry@@QAEHPBDPADAAK@Z 00421615 f   Registry.obj
 0002:000196bc       ?WriteBuf@CRegistry@@QAEHPBD0@Z 004216bc f   Registry.obj
 0002:00019770       ??_GCRegistry@@UAEPAXI@Z   00421770 f i Registry.obj
 0002:00019770       ??_ECRegistry@@UAEPAXI@Z   00421770 f i Registry.obj
 0002:000197a0       ??0CRegManager@@QAE@PAVCClientSocket@@@Z 004217a0 f   RegManager.obj
 0002:00019806       ??1CRegManager@@UAE@XZ     00421806 f   RegManager.obj
 0002:00019822       ?SendNO@CRegManager@@IAEXXZ 00421822 f   RegManager.obj
 0002:00019841       ?SendOK@CRegManager@@IAEXXZ 00421841 f   RegManager.obj
 0002:00019860       ?OnReceive@CRegManager@@UAEXPAEI@Z 00421860 f   RegManager.obj
 0002:00019925       ?Find@CRegManager@@IAEXDPAD@Z 00421925 f   RegManager.obj
 0002:00019aab       ?DelPath@CRegManager@@IAEXPAD@Z 00421aab f   RegManager.obj
 0002:00019b27       ?CreatePath@CRegManager@@IAEXPAD@Z 00421b27 f   RegManager.obj
 0002:00019b9e       ?DelKey@CRegManager@@IAEXPAD@Z 00421b9e f   RegManager.obj
 0002:00019cfd       ?CreateKey@CRegManager@@IAEXPAD@Z 00421cfd f   RegManager.obj
 0002:00019d59       ?TestSTR@CRegManager@@IAEXPAD@Z 00421d59 f   RegManager.obj
 0002:00019efa       ?atod@@YAKPAD@Z            00421efa f   RegManager.obj
 0002:00019f7b       ?TestDWORD@CRegManager@@IAEXPAD@Z 00421f7b f   RegManager.obj
 0002:0001a137       ?TestEXSTR@CRegManager@@IAEXPAD@Z 00422137 f   RegManager.obj
 0002:0001a2e0       ??_ECRegManager@@UAEPAXI@Z 004222e0 f i RegManager.obj
 0002:0001a2e0       ??_GCRegManager@@UAEPAXI@Z 004222e0 f i RegManager.obj
 0002:0001a310       ??0CScreenManager@@QAE@PAVCClientSocket@@@Z 00422310 f   ScreenManager.obj
 0002:0001a458       ??1CScreenManager@@UAE@XZ  00422458 f   ScreenManager.obj
 0002:0001a661       ?ResetScreen@CScreenManager@@AAEXH@Z 00422661 f   ScreenManager.obj
 0002:0001a908       ?OnReceive@CScreenManager@@UAEXPAEI@Z 00422908 f   ScreenManager.obj
 0002:0001ab02       ?sendBITMAPINFO@CScreenManager@@QAEXXZ 00422b02 f   ScreenManager.obj
 0002:0001abe9       ?sendFirstScreen@CScreenManager@@QAEXXZ 00422be9 f   ScreenManager.obj
 0002:0001ac93       ?sendNextScreen@CScreenManager@@QAEXXZ 00422c93 f   ScreenManager.obj
 0002:0001ad32       ?WorkThread@CScreenManager@@CGKPAX@Z 00422d32 f   ScreenManager.obj
 0002:0001adb4       ?ControlThread@CScreenManager@@CGKPAX@Z 00422db4 f   ScreenManager.obj
 0002:0001b007       ?ProcessCommand@CScreenManager@@AAEXPAEI@Z 00423007 f   ScreenManager.obj
 0002:0001b480       ?UpdateLocalClipboard@CScreenManager@@AAEXPADH@Z 00423480 f   ScreenManager.obj
 0002:0001b776       ?SendLocalClipboard@CScreenManager@@AAEXXZ 00423776 f   ScreenManager.obj
 0002:0001b9a6       ?IsMetricsChange@CScreenManager@@QAE_NXZ 004239a6 f   ScreenManager.obj
 0002:0001ba4e       ?IsConnect@CScreenManager@@QAE_NXZ 00423a4e f   ScreenManager.obj
 0002:0001ba64       ?GetCurrentPixelBits@CScreenManager@@QAEHXZ 00423a64 f   ScreenManager.obj
 0002:0001ba80       ??0CCursorInfo@@QAE@XZ     00423a80 f i ScreenManager.obj
 0002:0001bba0       ??1CCursorInfo@@UAE@XZ     00423ba0 f i ScreenManager.obj
 0002:0001bc30       ??_ECCursorInfo@@UAEPAXI@Z 00423c30 f i ScreenManager.obj
 0002:0001bc30       ??_GCCursorInfo@@UAEPAXI@Z 00423c30 f i ScreenManager.obj
 0002:0001bc60       ??_ECScreenManager@@UAEPAXI@Z 00423c60 f i ScreenManager.obj
 0002:0001bc60       ??_GCScreenManager@@UAEPAXI@Z 00423c60 f i ScreenManager.obj
 0002:0001bc90       ??0CScreenSpy@@QAE@H_NI@Z  00423c90 f   ScreenSpy.obj
 0002:0001c37e       ??1CScreenSpy@@UAE@XZ      0042437e f   ScreenSpy.obj
 0002:0001c557       ?getNextScreen@CScreenSpy@@QAEPAXPAK@Z 00424557 f   ScreenSpy.obj
 0002:0001c86e       ?ScanChangedRect@CScreenSpy@@AAE_NH@Z 0042486e f   ScreenSpy.obj
 0002:0001ca83       ?setAlgorithm@CScreenSpy@@QAEXI@Z 00424a83 f   ScreenSpy.obj
 0002:0001cb09       ?ConstructBI@CScreenSpy@@AAEPAUtagBITMAPINFO@@HHH@Z 00424b09 f   ScreenSpy.obj
 0002:0001ce52       ?WriteRectBuffer@CScreenSpy@@AAEXPAEH@Z 00424e52 f   ScreenSpy.obj
 0002:0001ce8e       ?getFirstScreen@CScreenSpy@@QAEPAXXZ 00424e8e f   ScreenSpy.obj
 0002:0001cf04       ?CopyRect@CScreenSpy@@AAEXPAUtagRECT@@@Z 00424f04 f   ScreenSpy.obj
 0002:0001d16e       ?getFirstImageSize@CScreenSpy@@QAEIXZ 0042516e f   ScreenSpy.obj
 0002:0001d182       ?setCaptureLayer@CScreenSpy@@QAEXH@Z 00425182 f   ScreenSpy.obj
 0002:0001d220       ?getBI@CScreenSpy@@QAEPAUtagBITMAPINFO@@XZ 00425220 f   ScreenSpy.obj
 0002:0001d231       ?getBISize@CScreenSpy@@QAEIXZ 00425231 f   ScreenSpy.obj
 0002:0001d270       ?SelectInputWinStation@CScreenSpy@@AAEHXZ 00425270 f   ScreenSpy.obj
 0002:0001d39c       ?ScanScreen@CScreenSpy@@AAEXPAUHDC__@@0HH@Z 0042539c f   ScreenSpy.obj
 0002:0001d496       ?Compare@CScreenSpy@@AAEHPAE00K@Z 00425496 f   ScreenSpy.obj
 0002:0001d600       ??_ECScreenSpy@@UAEPAXI@Z  00425600 f i ScreenSpy.obj
 0002:0001d600       ??_GCScreenSpy@@UAEPAXI@Z  00425600 f i ScreenSpy.obj
 0002:0001d630       ?getCurrentCursorIndex@CCursorInfo@@QAEHXZ 00425630 f i ScreenSpy.obj
 0002:0001d750       ??0CSerManager@@QAE@PAVCClientSocket@@@Z 00425750 f   SerManager.obj
 0002:0001d7aa       ??1CSerManager@@UAE@XZ     004257aa f   SerManager.obj
 0002:0001d7c6       ?OnReceive@CSerManager@@UAEXPAEI@Z 004257c6 f   SerManager.obj
 0002:0001d8c6       ?SendServicesList@CSerManager@@AAEXXZ 004258c6 f   SerManager.obj
 0002:0001d963       ?EnablePri@@YAHXZ          00425963 f   SerManager.obj
 0002:0001dbb8       ?DisableService@CSerManager@@AAEXPAEIE@Z 00425bb8 f   SerManager.obj
 0002:0001e05f       ?DeleteService@CSerManager@@AAEXPAEI@Z 0042605f f   SerManager.obj
 0002:0001e4bb       ?StartStopService@CSerManager@@AAEXPAEIH@Z 004264bb f   SerManager.obj
 0002:0001e83f       ?getServerList@CSerManager@@AAEPAEXZ 0042683f f   SerManager.obj
 0002:0001f1e0       ??_GCSerManager@@UAEPAXI@Z 004271e0 f i SerManager.obj
 0002:0001f1e0       ??_ECSerManager@@UAEPAXI@Z 004271e0 f i SerManager.obj
 0002:0001f210       ??0_bstr_t@@QAE@PBD@Z      00427210 f i Server.obj
 0002:0001f2a0       ??0_bstr_t@@QAE@PBG@Z      004272a0 f i Server.obj
 0002:0001f330       ??1_bstr_t@@QAE@XZ         00427330 f i Server.obj
 0002:0001f350       ??B_bstr_t@@QBEPBDXZ       00427350 f i Server.obj
 0002:0001f380       ?_Free@_bstr_t@@AAEXXZ     00427380 f i Server.obj
 0002:0001f3b0       ??0Data_t@_bstr_t@@QAE@PBD@Z 004273b0 f i Server.obj
 0002:0001f400       ??0Data_t@_bstr_t@@QAE@PBG@Z 00427400 f i Server.obj
 0002:0001f450       ?Release@Data_t@_bstr_t@@QAEKXZ 00427450 f i Server.obj
 0002:0001f4a0       ??_GData_t@_bstr_t@@AAEPAXI@Z 004274a0 f i Server.obj
 0002:0001f4d0       ?GetString@Data_t@_bstr_t@@QBEPBDXZ 004274d0 f i Server.obj
 0002:0001f520       ??1Data_t@_bstr_t@@AAE@XZ  00427520 f i Server.obj
 0002:0001f540       ?_Free@Data_t@_bstr_t@@AAEXXZ 00427540 f i Server.obj
 0002:0001f580       ??0_variant_t@@QAE@_N@Z    00427580 f i Server.obj
 0002:0001f5b0       ??1_variant_t@@QAE@XZ      004275b0 f i Server.obj
 0002:0001f5d0       ?CheckError@_com_util@@YAXJ@Z 004275d0 f i Server.obj
 0002:0001f5f0       ?open@IXMLHTTPRequest@MSXML2@@QAEJV_bstr_t@@0ABV_variant_t@@11@Z 004275f0 f i Server.obj
 0002:0001f730       ??B_bstr_t@@QBEPAGXZ       00427730 f i Server.obj
 0002:0001f760       ?_Mynode@const_iterator@?$list@V?$basic_string@DU?$char_traits@D@std@@V?$allocator@D@2@@std@@V?$allocator@V?$basic_string@DU?$char_traits@D@std@@V?$allocator@D@2@@std@@@2@@std@@QBEPAU_Node@23@XZ 00427760 f i Server.obj
 0002:0001f760       ?GetWString@Data_t@_bstr_t@@QBEPBGXZ 00427760 f i Server.obj
 0002:0001f770       ?send@IXMLHTTPRequest@MSXML2@@QAEJABV_variant_t@@@Z 00427770 f i Server.obj
 0002:0001f7e0       ??0CServerStart@@QAE@PAVCClientSocket@@@Z 004277e0 f   ServerStart.obj
 0002:0001f83a       ??1CServerStart@@UAE@XZ    0042783a f   ServerStart.obj
 0002:0001f856       ?OnReceive@CServerStart@@UAEXPAEI@Z 00427856 f   ServerStart.obj
 0002:0001f972       ?SendProcessListo@CServerStart@@QAEXXZ 00427972 f   ServerStart.obj
 0002:0001fa0f       ?SendWindowsListo@CServerStart@@AAEXXZ 00427a0f f   ServerStart.obj
 0002:0001faac       ?CMD_Function@@YAXPAD0@Z   00427aac f   ServerStart.obj
 0002:000200bc       ?SendNetsPassword@CServerStart@@AAEXPAEI@Z 004280bc f   ServerStart.obj
 0002:000201ab       ?SendNetsDele@CServerStart@@AAEXPAEI@Z 004281ab f   ServerStart.obj
 0002:000202a0       ?SendNetstart@CServerStart@@AAEXPAEII@Z 004282a0 f   ServerStart.obj
 0002:000203b1       ?getall_Groups@@YADPADQAD@Z 004283b1 f   ServerStart.obj
 0002:000206fc       ?IsGuestDisabled@@YAHPAD@Z 004286fc f   ServerStart.obj
 0002:00020883       ?getProcessListo@CServerStart@@AAEPAEXZ 00428883 f   ServerStart.obj
 0002:00020b94       ?EnumWindowsProco@CServerStart@@SG_NPAUHWND__@@J@Z 00428b94 f   ServerStart.obj
 0002:00020bf3       ?getWindowsListo@CServerStart@@AAEPAEXZ 00428bf3 f   ServerStart.obj
 0002:00020c65       ?SendNetsPassPort@CServerStart@@AAEXPAEI@Z 00428c65 f   ServerStart.obj
 0002:00021036       ?SendNetPortRead@CServerStart@@AAEXQAD@Z 00429036 f   ServerStart.obj
 0002:00021484       ?getuseAdd@CServerStart@@AAEXPAEI@Z 00429484 f   ServerStart.obj
 0002:00021900       ??_ECServerStart@@UAEPAXI@Z 00429900 f i ServerStart.obj
 0002:00021900       ??_GCServerStart@@UAEPAXI@Z 00429900 f i ServerStart.obj
 0002:00021930       ?get_all_user@@YAHXZ       00429930 f i ServerStart.obj
 0002:00021ae0       ?AtlA2WHelper@@YGPAGPAGPBDH@Z 00429ae0 f i ServerStart.obj
 0002:00021b00       ?AtlA2WHelper@@YGPAGPAGPBDHI@Z 00429b00 f i ServerStart.obj
 0002:00021b30       ??0CShellManager@@QAE@PAVCClientSocket@@@Z 00429b30 f   ShellManager.obj
 0002:00022092       ??1CShellManager@@UAE@XZ   0042a092 f   ShellManager.obj
 0002:000223b9       ?OnReceive@CShellManager@@UAEXPAEI@Z 0042a3b9 f   ShellManager.obj
 0002:00022440       ?ReadPipeThread@CShellManager@@CGKPAX@Z 0042a440 f   ShellManager.obj
 0002:0002272d       ?MonitorThread@CShellManager@@CGKPAX@Z 0042a72d f   ShellManager.obj
 0002:000227f0       ??_GCShellManager@@UAEPAXI@Z 0042a7f0 f i ShellManager.obj
 0002:000227f0       ??_ECShellManager@@UAEPAXI@Z 0042a7f0 f i ShellManager.obj
 0002:00022820       ??0CSystemManager@@QAE@PAVCClientSocket@@@Z 0042a820 f   SystemManager.obj
 0002:0002287a       ??1CSystemManager@@UAE@XZ  0042a87a f   SystemManager.obj
 0002:00022896       ?OnReceive@CSystemManager@@UAEXPAEI@Z 0042a896 f   SystemManager.obj
 0002:0002291f       ?SendProcessList@CSystemManager@@AAEXXZ 0042a91f f   SystemManager.obj
 0002:000229bc       ?SendWindowsList@CSystemManager@@AAEXXZ 0042a9bc f   SystemManager.obj
 0002:00022a59       ?SendDialupassList@CSystemManager@@AAEXXZ 0042aa59 f   SystemManager.obj
 0002:00022cc6       ?KillProcess@CSystemManager@@AAEXPAEI@Z 0042acc6 f   SystemManager.obj
 0002:00022e53       ?getProcessList@CSystemManager@@AAEPAEXZ 0042ae53 f   SystemManager.obj
 0002:000235cc       ?DebugPrivilege@@YAHPBDH@Z 0042b5cc f   SystemManager.obj
 0002:000238eb       ?ShutdownWindows@CSystemManager@@SAXK@Z 0042b8eb f   SystemManager.obj
 0002:0002396d       ?EnumWindowsProc@CSystemManager@@SG_NPAUHWND__@@J@Z 0042b96d f   SystemManager.obj
 0002:00023ca0       ?getWindowsList@CSystemManager@@AAEPAEXZ 0042bca0 f   SystemManager.obj
 0002:00023d12       ?GetVirus@@YAPADXZ         0042bd12 f   SystemManager.obj
 0002:0002406e       ?GetTokenByName@@YAHAAPAXPAD@Z 0042c06e f   SystemManager.obj
 0002:000244bd       ?GetCurrentUserName@@YAHQAD0@Z 0042c4bd f   SystemManager.obj
 0002:000247de       ?GetCurrentUserNamet@@YAXQAD@Z 0042c7de f   SystemManager.obj
 0002:0002488a       ?GetSystemInfo@CSystemManager@@AAEXXZ 0042c88a f   SystemManager.obj
 0002:000251a0       ??_ECSystemManager@@UAEPAXI@Z 0042d1a0 f i SystemManager.obj
 0002:000251a0       ??_GCSystemManager@@UAEPAXI@Z 0042d1a0 f i SystemManager.obj
 0002:000251d0       ?GetMax@CDialupass@@QAEHXZ 0042d1d0 f i SystemManager.obj
 0002:000251f0       ?GetOneInfo@CDialupass@@QAEPAVCOneInfo@@H@Z 0042d1f0 f i SystemManager.obj
 0002:00025210       ?ThreadLoader@@YGIPAX@Z    0042d210 f   until.obj
 0002:000252e5       ?MyCreateThread@@YAPAXPAU_SECURITY_ATTRIBUTES@@KP6GKPAX@Z1KPAK_N@Z 0042d2e5 f   until.obj
 0002:0002544d       ?GetProcessID@@YAKPBD@Z    0042d44d f   until.obj
 0002:00025687       ?GetLogUserXP@@YAPADXZ     0042d687 f   until.obj
 0002:000257fa       ?GetLogUser2K@@YAPADXZ     0042d7fa f   until.obj
 0002:00025bc7       ?GetCurrentLoginUser@@YAPADXZ 0042dbc7 f   until.obj
 0002:00025c96       ?SwitchInputDesktop@@YAHXZ 0042dc96 f   until.obj
 0002:000260fd       ?SelectHDESK@@YAHPAUHDESK__@@@Z 0042e0fd f   until.obj
 0002:0002637c       ?SelectDesktop@@YAHPAD@Z   0042e37c f   until.obj
 0002:000264d1       ?SimulateCtrlAltDel@@YAHXZ 0042e4d1 f   until.obj
 0002:00026634       ?http_get@@YAHPBD0@Z       0042e634 f   until.obj
 0002:00026ad0       ??0CVideoCap@@QAE@XZ       0042ead0 f   VideoCap.obj
 0002:00026c3f       ??1CVideoCap@@UAE@XZ       0042ec3f f   VideoCap.obj
 0002:00026e24       ?capErrorCallback@CVideoCap@@SGJPAUHWND__@@HPBD@Z 0042ee24 f   VideoCap.obj
 0002:00026e30       ?FrameCallbackProc@CVideoCap@@SGJPAUHWND__@@PAUvideohdr_tag@@@Z 0042ee30 f   VideoCap.obj
 0002:00026f1f       ?IsWebCam@CVideoCap@@SAHXZ 0042ef1f f   VideoCap.obj
 0002:00027004       ?GetDIB@CVideoCap@@QAEPAEXZ 0042f004 f   VideoCap.obj
 0002:000270cf       ?Initialize@CVideoCap@@QAE_NHH@Z 0042f0cf f   VideoCap.obj
 0002:00027430       ??_GCVideoCap@@UAEPAXI@Z   0042f430 f i VideoCap.obj
 0002:00027430       ??_ECVideoCap@@UAEPAXI@Z   0042f430 f i VideoCap.obj
 0002:00027460       ??0CVideoManager@@QAE@PAVCClientSocket@@@Z 0042f460 f   VideoManager.obj
 0002:0002752b       ??1CVideoManager@@UAE@XZ   0042f52b f   VideoManager.obj
 0002:000276bc       ?OnReceive@CVideoManager@@UAEXPAEI@Z 0042f6bc f   VideoManager.obj
 0002:000277b4       ?sendBITMAPINFO@CVideoManager@@QAEXXZ 0042f7b4 f   VideoManager.obj
 0002:0002782e       ?sendNextScreen@CVideoManager@@QAEXXZ 0042f82e f   VideoManager.obj
 0002:00027986       ?ResetScreen@CVideoManager@@AAEXHH@Z 0042f986 f   VideoManager.obj
 0002:00027acf       ?WorkThread@CVideoManager@@CGKPAX@Z 0042facf f   VideoManager.obj
 0002:00027c01       ?Initialize@CVideoManager@@QAE_NXZ 0042fc01 f   VideoManager.obj
 0002:00027e44       ?Destroy@CVideoManager@@QAEXXZ 0042fe44 f   VideoManager.obj
 0002:00027ef0       ??_ECVideoManager@@UAEPAXI@Z 0042fef0 f i VideoManager.obj
 0002:00027ef0       ??_GCVideoManager@@UAEPAXI@Z 0042fef0 f i VideoManager.obj
 0002:00027f20       ?EncodeVideoData@CVideoCodec@@QAEHPAEH0PAH1@Z 0042ff20 f i VideoManager.obj
 0002:00028030       ?InitCompressor@CVideoCodec@@QAE_NPAUtagBITMAPINFO@@K@Z 00430030 f i VideoManager.obj
 0002:00028280       ??0CVideoCodec@@QAE@XZ     00430280 f i VideoManager.obj
 0002:000282b0       ??_GCVideoCodec@@UAEPAXI@Z 004302b0 f i VideoManager.obj
 0002:000282b0       ??_ECVideoCodec@@UAEPAXI@Z 004302b0 f i VideoManager.obj
 0002:000282e0       ??1CVideoCodec@@UAE@XZ     004302e0 f i VideoManager.obj
 0002:00028440       ?AudioInThreadProc@CWaveIn@@SGKPAX@Z 00430440 f   WaveIn.obj
 0002:00028532       ??0CWaveIn@@QAE@XZ         00430532 f   WaveIn.obj
 0002:00028592       ??1CWaveIn@@UAE@XZ         00430592 f   WaveIn.obj
 0002:000285a6       ?CloseDev@CWaveIn@@IAEHXZ  004305a6 f   WaveIn.obj
 0002:000285f7       ?OpenDev@CWaveIn@@IAEHXZ   004305f7 f   WaveIn.obj
 0002:000286d9       ?StartThread@CWaveIn@@IAEHXZ 004306d9 f   WaveIn.obj
 0002:00028718       ?StopThread@CWaveIn@@IAEHXZ 00430718 f   WaveIn.obj
 0002:000287af       ?StartRec@CWaveIn@@QAEHXZ  004307af f   WaveIn.obj
 0002:0002882b       ?StopRec@CWaveIn@@QAEHXZ   0043082b f   WaveIn.obj
 0002:0002886a       ?PerPareBuffer@CWaveIn@@IAEHXZ 0043086a f   WaveIn.obj
 0002:0002898c       ?FreeBuffer@CWaveIn@@IAEHXZ 0043098c f   WaveIn.obj
 0002:00028a4e       ?OpenRecord@CWaveIn@@IAEHXZ 00430a4e f   WaveIn.obj
 0002:00028a8b       ?CloseRecord@CWaveIn@@IAEHXZ 00430a8b f   WaveIn.obj
 0002:00028ad0       ??_ECWaveIn@@UAEPAXI@Z     00430ad0 f i WaveIn.obj
 0002:00028ad0       ??_GCWaveIn@@UAEPAXI@Z     00430ad0 f i WaveIn.obj
 0002:00028b00       ?AudioOutThreadProc@CWaveOut@@SGKPAX@Z 00430b00 f   WaveOut.obj
 0002:00028b80       ??0CWaveOut@@QAE@XZ        00430b80 f   WaveOut.obj
 0002:00028bea       ??1CWaveOut@@UAE@XZ        00430bea f   WaveOut.obj
 0002:00028bfe       ?StartThread@CWaveOut@@IAEHXZ 00430bfe f   WaveOut.obj
 0002:00028c3d       ?StopThread@CWaveOut@@IAEHXZ 00430c3d f   WaveOut.obj
 0002:00028cd4       ?OpenDev@CWaveOut@@IAEHXZ  00430cd4 f   WaveOut.obj
 0002:00028dc0       ?CloseDev@CWaveOut@@IAEHXZ 00430dc0 f   WaveOut.obj
 0002:00028e07       ?StartPlay@CWaveOut@@QAEHXZ 00430e07 f   WaveOut.obj
 0002:00028e52       ?StopPlay@CWaveOut@@QAEHXZ 00430e52 f   WaveOut.obj
 0002:00028e72       ?Play@CWaveOut@@QAEHPADI@Z 00430e72 f   WaveOut.obj
 0002:00028f70       ??_ECWaveOut@@UAEPAXI@Z    00430f70 f i WaveOut.obj
 0002:00028f70       ??_GCWaveOut@@UAEPAXI@Z    00430f70 f i WaveOut.obj
 0002:00028fa0       ?BufferSub@CWaveOut@@QAEXXZ 00430fa0 f i WaveOut.obj
 0002:00028fc0       ?GetBufferNum@CWaveOut@@QAEHXZ 00430fc0 f i WaveOut.obj
 0002:00028fe0       _uncompress                00430fe0 f   zlib:uncompr.obj
 0002:00029080       _compress2                 00431080 f   zlib:compress.obj
 0002:00029130       _compress                  00431130 f   zlib:compress.obj
 0002:00029150       _inflateReset              00431150 f   zlib:inflate.obj
 0002:000291a0       _inflateEnd                004311a0 f   zlib:inflate.obj
 0002:000291f0       _inflateInit2_             004311f0 f   zlib:inflate.obj
 0002:00029300       _inflateInit_              00431300 f   zlib:inflate.obj
 0002:00029320       _inflate                   00431320 f   zlib:inflate.obj
 0002:00029750       _deflateInit_              00431750 f   zlib:deflate.obj
 0002:00029780       _deflateInit2_             00431780 f   zlib:deflate.obj
 0002:00029980       _deflateReset              00431980 f   zlib:deflate.obj
 0002:00029a00       _deflate                   00431a00 f   zlib:deflate.obj
 0002:00029d60       _deflateEnd                00431d60 f   zlib:deflate.obj
 0002:0002aa90       _inflate_blocks_reset      00432a90 f   zlib:infblock.obj
 0002:0002ab10       _inflate_blocks_new        00432b10 f   zlib:infblock.obj
 0002:0002abb0       _inflate_blocks            00432bb0 f   zlib:infblock.obj
 0002:0002b8c0       _inflate_blocks_free       004338c0 f   zlib:infblock.obj
 0002:0002b900       _adler32                   00433900 f   zlib:adler32.obj
 0002:0002ba30       _zcalloc                   00433a30 f   zlib:zutil.obj
 0002:0002ba50       _zcfree                    00433a50 f   zlib:zutil.obj
 0002:0002ba60       __tr_init                  00433a60 f   zlib:trees.obj
 0002:0002bb50       __tr_stored_block          00433b50 f   zlib:trees.obj
 0002:0002bbf0       __tr_align                 00433bf0 f   zlib:trees.obj
 0002:0002be50       __tr_flush_block           00433e50 f   zlib:trees.obj
 0002:0002d5f0       _inflate_codes_new         004355f0 f   zlib:infcodes.obj
 0002:0002d630       _inflate_codes             00435630 f   zlib:infcodes.obj
 0002:0002dde0       _inflate_codes_free        00435de0 f   zlib:infcodes.obj
 0002:0002de00       _inflate_trees_bits        00435e00 f   zlib:inftrees.obj
 0002:0002e370       _inflate_trees_dynamic     00436370 f   zlib:inftrees.obj
 0002:0002e500       _inflate_trees_fixed       00436500 f   zlib:inftrees.obj
 0002:0002e530       _inflate_flush             00436530 f   zlib:infutil.obj
 0002:0002e670       _inflate_fast              00436670 f   zlib:inffast.obj
 0002:0002ea40       _getParmFromBits           00436a40 f   G729a:intf_g729a.obj
 0002:0002ead0       _newCopyBits               00436ad0 f   G729a:intf_g729a.obj
 0002:0002eb60       _va_g729a_init_encoder     00436b60 f   G729a:intf_g729a.obj
 0002:0002eb70       _va_g729a_encoder          00436b70 f   G729a:intf_g729a.obj
 0002:0002ebd0       _va_g729a_init_decoder     00436bd0 f   G729a:intf_g729a.obj
 0002:0002ec00       _va_g729a_decoder          00436c00 f   G729a:intf_g729a.obj
 0002:0002ecf0       _bin2prm_ld8k              00436cf0 f   G729a:intf_g729a.obj
 0002:0002ed40       _prm2bin_ld8k              00436d40 f   G729a:intf_g729a.obj
 0002:0002ed80       _init_coder_ld8a           00436d80 f   G729a:COD_LD8A.OBJ
 0002:0002ee40       _coder_ld8a                00436e40 f   G729a:COD_LD8A.OBJ
 0002:0002f3f0       _init_pre_process          004373f0 f   G729a:PRE_PROC.OBJ
 0002:0002f450       _pre_process               00437450 f   G729a:PRE_PROC.OBJ
 0002:0002f500       _init_post_process         00437500 f   G729a:POST_PRO.OBJ
 0002:0002f560       _post_process              00437560 f   G729a:POST_PRO.OBJ
 0002:0002f610       _init_post_filter          00437610 f   G729a:POSTFILA.OBJ
 0002:0002f640       _post_filter               00437640 f   G729a:POSTFILA.OBJ
 0002:0002fb40       _init_decod_ld8a           00437b40 f   G729a:DEC_LD8A.OBJ
 0002:0002fbc0       _decod_ld8a                00437bc0 f   G729a:DEC_LD8A.OBJ
 0002:0002fe90       _parity_pitch              00437e90 f   G729a:P_PARITY.OBJ
 0002:0002fec0       _check_parity_pitch        00437ec0 f   G729a:P_PARITY.OBJ
 0002:0002fef0       _init_exc_err              00437ef0 f   G729a:TAMING.OBJ
 0002:0002ff20       _test_err                  00437f20 f   G729a:TAMING.OBJ
 0002:0002ffc0       _update_exc_err            00437fc0 f   G729a:TAMING.OBJ
 0002:000300b0       _qua_lsp                   004380b0 f   G729a:QUA_LSP.OBJ
 0002:00030120       _lsp_encw_reset            00438120 f   G729a:QUA_LSP.OBJ
 0002:000307a0       _set_zero                  004387a0 f   G729a:UTIL.OBJ
 0002:000307c0       _copy                      004387c0 f   G729a:UTIL.OBJ
 0002:000307f0       _random_g729               004387f0 f   G729a:UTIL.OBJ
 0002:00030820       _qua_gain                  00438820 f   G729a:QUA_GAIN.OBJ
 0002:00030b90       _corr_xy2                  00438b90 f   G729a:COR_FUNC.OBJ
 0002:00030c10       _cor_h_x                   00438c10 f   G729a:COR_FUNC.OBJ
 0002:00030c60       _ACELP_code_A              00438c60 f   G729a:ACELP_CA.OBJ
 0002:00031f90       _pitch_ol_fast             00439f90 f   G729a:PITCH_A.OBJ
 0002:000322b0       _pitch_fr3_fast            0043a2b0 f   G729a:PITCH_A.OBJ
 0002:00032460       _g_pitch                   0043a460 f   G729a:PITCH_A.OBJ
 0002:000324f0       _enc_lag3                  0043a4f0 f   G729a:PITCH_A.OBJ
 0002:00032560       _syn_filt                  0043a560 f   G729a:FILTER.OBJ
 0002:00032600       _residu                    0043a600 f   G729a:FILTER.OBJ
 0002:00032650       _weight_az                 0043a650 f   G729a:LPCFUNCA.OBJ
 0002:000326a0       _int_qlpc                  0043a6a0 f   G729a:LPCFUNCA.OBJ
 0002:00032830       _autocorr                  0043a830 f   G729a:LPCA.OBJ
 0002:000328e0       _lag_window                0043a8e0 f   G729a:LPCA.OBJ
 0002:00032910       _levinson                  0043a910 f   G729a:LPCA.OBJ
 0002:00032a10       _az_lsp                    0043aa10 f   G729a:LPCA.OBJ
 0002:00032cc0       _lsp_decw_reset            0043acc0 f   G729a:LSPDEC.OBJ
 0002:00032d10       _d_lsp                     0043ad10 f   G729a:LSPDEC.OBJ
 0002:00032e20       _dec_gain                  0043ae20 f   G729a:DEC_GAIN.OBJ
 0002:00032f10       _decod_ACELP               0043af10 f   G729a:DE_ACELP.OBJ
 0002:00032fb0       _pred_lt_3                 0043afb0 f   G729a:PRED_LT3.OBJ
 0002:00033050       _dec_lag3                  0043b050 f   G729a:DEC_LAG3.OBJ
 0002:000330f0       _lsp_get_quant             0043b0f0 f   G729a:LSPGETQ.OBJ
 0002:000331c0       _lsp_expand_1              0043b1c0 f   G729a:LSPGETQ.OBJ
 0002:00033200       _lsp_expand_2              0043b200 f   G729a:LSPGETQ.OBJ
 0002:00033240       _lsp_expand_1_2            0043b240 f   G729a:LSPGETQ.OBJ
 0002:000332e0       _lsp_prev_extract          0043b2e0 f   G729a:LSPGETQ.OBJ
 0002:00033360       _lsp_prev_update           0043b360 f   G729a:LSPGETQ.OBJ
 0002:00033460       _gain_predict              0043b460 f   G729a:GAINPRED.OBJ
 0002:000334e0       _gain_update               0043b4e0 f   G729a:GAINPRED.OBJ
 0002:00033510       _gain_update_erasure       0043b510 f   G729a:GAINPRED.OBJ
 0002:00033570       ??3@YAXPAX@Z               0043b570 f   MSVCRT:MSVCRT.dll
 0002:00033576       __onexit                   0043b576 f   MSVCRT:atonexit.obj
 0002:000335a2       _atexit                    0043b5a2 f   MSVCRT:atonexit.obj
 0002:000335b4       ___CxxFrameHandler         0043b5b4 f   MSVCRT:MSVCRT.dll
 0002:000335c0       ??2@YAPAXI@Z               0043b5c0 f   MSVCRT:MSVCRT.dll
 0002:000335c6       __ftol                     0043b5c6 f   MSVCRT:MSVCRT.dll
 0002:000335cc       _strlen                    0043b5cc f   MSVCRT:MSVCRT.dll
 0002:000335d2       _memset                    0043b5d2 f   MSVCRT:MSVCRT.dll
 0002:000335e0       __alloca_probe             0043b5e0 f   MSVCRT:chkstk.obj
 0002:000335e0       __chkstk                   0043b5e0 f   MSVCRT:chkstk.obj
 0002:00033610       _memcmp                    0043b610 f   MSVCRT:MSVCRT.dll
 0002:00033616       _strcpy                    0043b616 f   MSVCRT:MSVCRT.dll
 0002:0003361c       _strcmp                    0043b61c f   MSVCRT:MSVCRT.dll
 0002:00033622       _free                      0043b622 f   MSVCRT:MSVCRT.dll
 0002:00033628       __except_handler3          0043b628 f   MSVCRT:MSVCRT.dll
 0002:00033630       __aulldiv                  0043b630 f   MSVCRT:ulldiv.obj
 0002:000336a0       __allmul                   0043b6a0 f   MSVCRT:llmul.obj
 0002:000336d4       _strcat                    0043b6d4 f   MSVCRT:MSVCRT.dll
 0002:000336da       _wcslen                    0043b6da f   MSVCRT:MSVCRT.dll
 0002:000336e0       _memcpy                    0043b6e0 f   MSVCRT:MSVCRT.dll
 0002:000336e6       _WinMainCRTStartup         0043b6e6 f   MSVCRT:crtexew.obj
 0002:00033844       _calloc                    0043b844 f   MSVCRT:MSVCRT.dll
 0002:0003384a       __CIacos                   0043b84a f   MSVCRT:MSVCRT.dll
 0002:00033850       _printf                    0043b850 f   MSVCRT:MSVCRT.dll
 0002:00033856       __CIpow                    0043b856 f   MSVCRT:MSVCRT.dll
 0002:0003385c       ___dllonexit               0043b85c f   MSVCRT:MSVCRT.dll
 0002:00033862       __XcptFilter               0043b862 f   MSVCRT:MSVCRT.dll
 0002:00033868       __initterm                 0043b868 f   MSVCRT:MSVCRT.dll
 0002:0003386e       __setdefaultprecision      0043b86e f   MSVCRT:fp8.obj
 0002:00033880       __matherr                  0043b880 f   MSVCRT:merr.obj
 0002:00033883       __setargv                  0043b883 f   MSVCRT:dllargv.obj
 0002:00033884       __controlfp                0043b884 f   MSVCRT:MSVCRT.dll
 0002:000338c8       ?ConvertStringToBSTR@_com_util@@YGPAGPBD@Z 0043b8c8 f   comsupp:comutil.obj
 0002:0003393d       ?ConvertBSTRToString@_com_util@@YGPADPAG@Z 0043b93d f   comsupp:comutil.obj
 0002:000339b1       ??0_variant_t@@QAE@JG@Z    0043b9b1 f i comsupp:comutil.obj
 0002:00033a0d       ?_com_issue_error@@YGXJ@Z  0043ba0d f   comsupp:comsupp.obj
 0002:00033a1b       ?_com_issue_errorex@@YGXJPAUIUnknown@@ABU_GUID@@@Z 0043ba1b f   comsupp:comsupp.obj
 0002:00033a7c       ?_com_raise_error@@YGXJPAUIErrorInfo@@@Z 0043ba7c f   comsupp:comraise.obj
 0002:00033aa0       ??0_com_error@@QAE@JPAUIErrorInfo@@_N@Z 0043baa0 f i comsupp:comraise.obj
 0002:00033ad2       ??_G_com_error@@UAEPAXI@Z  0043bad2 f i comsupp:comraise.obj
 0002:00033ad2       ??_E_com_error@@UAEPAXI@Z  0043bad2 f i comsupp:comraise.obj
 0002:00033aee       ??0_com_error@@QAE@ABV0@@Z 0043baee f i comsupp:comraise.obj
 0002:00033b1b       ??1_com_error@@UAE@XZ      0043bb1b f i comsupp:comraise.obj
 0002:00033b42       _ICSendMessage@16          0043bb42 f   vfw32:MSVFW32.dll
 0002:00033b48       ??_Etype_info@@UAEPAXI@Z   0043bb48 f i MSVCRT:ti_inst.obj
 0002:00033b48       ??_Gtype_info@@UAEPAXI@Z   0043bb48 f i MSVCRT:ti_inst.obj
 0002:00033b64       __CxxThrowException@8      0043bb64 f   MSVCRT:MSVCRT.dll
 0002:00033b6a       ??1type_info@@UAE@XZ       0043bb6a f   MSVCRT:MSVCRT.dll
 0002:00034cd0       __CT??_R0?AV_com_error@@@8??0_com_error@@QAE@ABV0@@Z16 0043ccd0     comsupp:comraise.obj
 0002:00034cf0       __CTA1?AV_com_error@@      0043ccf0     comsupp:comraise.obj
 0002:00034cf8       __TI1?AV_com_error@@       0043ccf8     comsupp:comraise.obj
 0002:00034d08       ?m_cBufln@@3PADA           0043cd08     AudioManager.obj
 0002:00035108       ?g_ACode@@3VCAudioCode@@A  0043d108     AudioManager.obj
 0002:0003510c       ?m_cBufOut@@3PADA          0043d10c     AudioManager.obj
 0002:0003550c       ?g_hEvent@@3PAXA           0043d50c     AudioManager.obj
 0002:00035510       ?g_WaveOut@@3VCWaveOut@@A  0043d510     AudioManager.obj
 0002:00035538       ?g_WaveIn@@3VCWaveIn@@A    0043d538     AudioManager.obj
 0002:0003555c       ?m_hEventWaveIn@@3PAXA     0043d55c     AudioManager.obj
 0002:00035560       ?m_bIsWorking@CAudioManager@@2_NA 0043d560     AudioManager.obj
 0002:00035564       ?ReaiLen@@3KA              0043d564     AudioManager.obj
 0002:00035568       ?Readata@@3PADA            0043d568     AudioManager.obj
 0002:0003556c       ?m_nProxyType@CClientSocket@@0HA 0043d56c     ClientSocket.obj
 0002:00035570       ?m_strProxyHost@CClientSocket@@0PADA 0043d570     ClientSocket.obj
 0002:00035670       ?m_strUserName@CClientSocket@@0PADA 0043d670     ClientSocket.obj
 0002:00035770       ?m_strPassWord@CClientSocket@@0PADA 0043d770     ClientSocket.obj
 0002:00035878       ?MsgBox@@3UMSGBOX@@A       0043d878     KernelManager.obj
 0002:00035d30       ?m_strMasterHost@CKernelManager@@2PADA 0043dd30     KernelManager.obj
 0002:00035e30       ?PreviousFocus@@3PAUHWND__@@A 0043de30     KeyboardManager.obj
 0002:00035e34       ?WindowCaption@@3PADA      0043de34     KeyboardManager.obj
 0002:00036234       ?hFocus@@3PAUHWND__@@A     0043e234     KeyboardManager.obj
 0002:00036238       ?KeyLog@@3HA               0043e238     KeyboardManager.obj
 0002:0003623c       ?g_hInstance@CKeyboardManager@@2PAUHINSTANCE__@@A 0043e23c     KeyboardManager.obj
 0002:00036248       ?g_dwServiceType@@3KA      0043e248     Server.obj
 0002:0003624c       ?ServiceName@@3PADA        0043e24c     Server.obj
 0002:000362b0       ?ServicePlay@@3PADA        0043e2b0     Server.obj
 0002:00036330       ?ServiceDesc@@3PADA        0043e330     Server.obj
 0002:00036434       ?Gyfunction@@3PAVMyfunction@@A 0043e434     Server.obj
 0002:00036438       ?AZname@@3PADA             0043e438     Server.obj
 0002:0003653c       ?strKillEvent@@3PADA       0043e53c     Server.obj
 0002:00036570       ?lpszQQ@@3PADA             0043e570     Server.obj
 0002:00036574       ?lpszWP@@3PADA             0043e574     Server.obj
 0002:000365a4       ?user_all@@3PAY0DC@DA      0043e5a4     ServerStart.obj
 0002:00036f68       ?Installope@@3GA           0043ef68     StdAfx.obj
 0002:00036f6c       ?dwPort@@3PAKA             0043ef6c     StdAfx.obj
 0002:00036f78       ?lpConnects@@3PAPBDA       0043ef78     StdAfx.obj
 0002:00036f84       ?nConnect@@3IA             0043ef84     StdAfx.obj
 0002:00037090       ?m_bIsConnected@CVideoCap@@0_NA 0043f090     VideoCap.obj
 0002:000370a4       ?s_dwInstance@CWaveIn@@1KA 0043f0a4     WaveIn.obj
 0002:000370a8       ?s_dwInstance@CWaveOut@@1KA 0043f0a8     WaveOut.obj
 0002:000370ac       ??_C@_00A@?$AA@            0043f0ac     zlib:zutil.obj
 0002:0003b8f4       __dowildcard               004438f4     MSVCRT:wildcard.obj
 0002:0003b8f8       __newmode                  004438f8     MSVCRT:_newmode.obj
 0002:0003b8fc       __commode                  004438fc     MSVCRT:xncommod.obj
 0002:0003b900       __fmode                    00443900     MSVCRT:xtxtmode.obj
 0002:0003b904       __afxForceEXCLUDE          00443904     nafxcw:nolib.obj
 0002:0003b908       ?vtMissing@@3V_variant_t@@A 00443908     comsupp:comutil.obj
 0002:0003b918       _new_speech                00443918     <common>
 0002:0003b91c       _bad_lsf                   0044391c     <common>
 0002:0003b920       __adjust_fdiv              00443920     <common>
 0002:0003b924       ___onexitend               00443924     <common>
 0002:0003b928       ___onexitbegin             00443928     <common>
 0002:0003b92c       __IMPORT_DESCRIPTOR_MSVCRT 0044392c     MSVCRT:MSVCRT.dll
 0002:0003b940       __IMPORT_DESCRIPTOR_KERNEL32 00443940     kernel32:KERNEL32.dll
 0002:0003b954       __IMPORT_DESCRIPTOR_USER32 00443954     user32:USER32.dll
 0002:0003b968       __IMPORT_DESCRIPTOR_WS2_32 00443968     ws2_32:WS2_32.dll
 0002:0003b97c       __IMPORT_DESCRIPTOR_MSVCP60 0044397c     msvcprt:MSVCP60.dll
 0002:0003b990       __IMPORT_DESCRIPTOR_ole32  00443990     ole32:ole32.dll
 0002:0003b9a4       __IMPORT_DESCRIPTOR_OLEAUT32 004439a4     oleaut32:OLEAUT32.dll
 0002:0003b9b8       __IMPORT_DESCRIPTOR_MSVFW32 004439b8     vfw32:MSVFW32.dll
 0002:0003b9cc       __IMPORT_DESCRIPTOR_WINMM  004439cc     Winmm:WINMM.dll
 0002:0003b9e0       __NULL_IMPORT_DESCRIPTOR   004439e0     MSVCRT:MSVCRT.dll

 entry point at        0002:000336e6

 Static symbols

 0001:000050e8       ?RunService@@YAXPAD000@Z   004060e8 f   Server.obj
 0002:0000ad40       _$E144                     00412d40 f   AudioManager.obj
 0002:0000ad4f       _$E141                     00412d4f f   AudioManager.obj
 0002:0000ad5e       _$E143                     00412d5e f   AudioManager.obj
 0002:0000ad70       _$E142                     00412d70 f   AudioManager.obj
 0002:0000ad7f       _$E149                     00412d7f f   AudioManager.obj
 0002:0000ad8e       _$E146                     00412d8e f   AudioManager.obj
 0002:0000ad9d       _$E148                     00412d9d f   AudioManager.obj
 0002:0000adaf       _$E147                     00412daf f   AudioManager.obj
 0002:0000adbe       _$E154                     00412dbe f   AudioManager.obj
 0002:0000adcd       _$E151                     00412dcd f   AudioManager.obj
 0002:0000addc       _$E153                     00412ddc f   AudioManager.obj
 0002:0000adee       _$E152                     00412dee f   AudioManager.obj
 0002:0002deb0       _huft_build                00435eb0 f   zlib:inftrees.obj
 0002:0002bad0       _tr_static_init            00433ad0 f   zlib:trees.obj
 0002:0002bae0       _init_block                00433ae0 f   zlib:trees.obj
 0002:0002c040       _build_tree                00434040 f   zlib:trees.obj
 0002:0002c280       _pqdownheap                00434280 f   zlib:trees.obj
 0002:0002c360       _gen_bitlen                00434360 f   zlib:trees.obj
 0002:0002c590       _gen_codes                 00434590 f   zlib:trees.obj
 0002:0002c610       _build_bl_tree             00434610 f   zlib:trees.obj
 0002:0002c680       _scan_tree                 00434680 f   zlib:trees.obj
 0002:0002c770       _send_all_trees            00434770 f   zlib:trees.obj
 0002:0002c9e0       _send_tree                 004349e0 f   zlib:trees.obj
 0002:0002cf60       _compress_block            00434f60 f   zlib:trees.obj
 0002:0002d3a0       _set_data_type             004353a0 f   zlib:trees.obj
 0002:0002d420       _bi_reverse                00435420 f   zlib:trees.obj
 0002:0002d440       _bi_flush                  00435440 f   zlib:trees.obj
 0002:0002d4d0       _bi_windup                 004354d0 f   zlib:trees.obj
 0002:0002d550       _copy_block                00435550 f   zlib:trees.obj
 0002:00029cb0       _putShortMSB               00431cb0 f   zlib:deflate.obj
 0002:00029ce0       _flush_pending             00431ce0 f   zlib:deflate.obj
 0002:00029e10       _lm_init                   00431e10 f   zlib:deflate.obj
 0002:00029eb0       _deflate_stored            00431eb0 f   zlib:deflate.obj
 0002:0002a010       _fill_window               00432010 f   zlib:deflate.obj
 0002:0002a140       _read_buf                  00432140 f   zlib:deflate.obj
 0002:0002a1c0       _deflate_fast              004321c0 f   zlib:deflate.obj
 0002:0002a4f0       _longest_match             004324f0 f   zlib:deflate.obj
 0002:0002a660       _deflate_slow              00432660 f   zlib:deflate.obj
 0002:00033280       _lsp_prev_compose          0043b280 f   G729a:LSPGETQ.OBJ
 0002:000333a0       _lsp_stability             0043b3a0 f   G729a:LSPGETQ.OBJ
 0002:00032d40       _lsp_iqua_cs               0043ad40 f   G729a:LSPDEC.OBJ
 0002:00032c40       _chebyshev                 0043ac40 f   G729a:LPCA.OBJ
 0002:00032700       _lsp_az                    0043a700 f   G729a:LPCFUNCA.OBJ
 0002:000327b0       _get_lsp_pol               0043a7b0 f   G729a:LPCFUNCA.OBJ
 0002:00032430       _dot_product               0043a430 f   G729a:PITCH_A.OBJ
 0002:00030d10       _cor_h                     00438d10 f   G729a:ACELP_CA.OBJ
 0002:00031360       _d4i40_17_fast             00439360 f   G729a:ACELP_CA.OBJ
 0002:00030a80       _gbk_presel                00438a80 f   G729a:QUA_GAIN.OBJ
 0002:00030150       _lsp_qua_cs                00438150 f   G729a:QUA_LSP.OBJ
 0002:000301a0       _relspwed                  004381a0 f   G729a:QUA_LSP.OBJ
 0002:00030420       _lsp_pre_select            00438420 f   G729a:QUA_LSP.OBJ
 0002:000304a0       _lsp_select_1              004384a0 f   G729a:QUA_LSP.OBJ
 0002:00030560       _lsp_select_2              00438560 f   G729a:QUA_LSP.OBJ
 0002:00030620       _lsp_get_tdist             00438620 f   G729a:QUA_LSP.OBJ
 0002:00030670       _lsp_last_select           00438670 f   G729a:QUA_LSP.OBJ
 0002:000306a0       _get_wegt                  004386a0 f   G729a:QUA_LSP.OBJ
 0002:0002f870       _pit_pst_filt              00437870 f   G729a:POSTFILA.OBJ
 0002:0002fa20       _preemphasis               00437a20 f   G729a:POSTFILA.OBJ
 0002:0002fa70       _agc                       00437a70 f   G729a:POSTFILA.OBJ
 0002:0003388a       _$E4                       0043b88a f   comsupp:comutil.obj
 0002:00033894       _$E1                       0043b894 f   comsupp:comutil.obj
 0002:000338a6       _$E3                       0043b8a6 f   comsupp:comutil.obj
 0002:000338b2       _$E2                       0043b8b2 f   comsupp:comutil.obj

 16 bytes saved through ICF

